Mar 15 10:12:07  whoopsie[1404]: last message repeated 2 times
Mar 15 10:12:07 gojira rsyslogd: [origin software="rsyslogd" swVersion="5.8.11" x-pid="1044" x-info="http://www.rsyslog.com"] rsyslogd was HUPed
Mar 15 10:12:09 gojira whoopsie[1404]: online
Mar 15 10:12:23 gojira anacron[1303]: Job `cron.daily' terminated
Mar 15 10:12:23 gojira anacron[1303]: Normal exit (1 job run)
Mar 15 10:13:02 gojira whoopsie[1404]: online
Mar 15 10:13:03 gojira whoopsie[1404]: online
Mar 15 10:16:14 gojira whoopsie[1404]: online
Mar 15 10:17:01 gojira CRON[3350]: (root) CMD (   cd / && run-parts --report /etc/cron.hourly)
Mar 15 10:17:14 gojira whoopsie[1404]: online
Mar 15 10:17:15 gojira whoopsie[1404]: online
Mar 15 10:19:33 gojira whoopsie[1404]: online
Mar 15 10:20:37  whoopsie[1404]: last message repeated 3 times
Mar 15 10:26:17 gojira whoopsie[1404]: online
Mar 15 10:27:38  whoopsie[1404]: last message repeated 3 times
Mar 15 10:28:38  whoopsie[1404]: last message repeated 4 times
Mar 15 10:33:23 gojira whoopsie[1404]: online
Mar 15 10:34:21 gojira whoopsie[1404]: online
Mar 15 10:35:22 gojira whoopsie[1404]: online
Mar 15 10:35:23 gojira whoopsie[1404]: online
Mar 15 10:35:39 gojira dbus[1014]: [system] Activating service name='org.freedesktop.systemd1' (using servicehelper)
Mar 15 10:35:39 gojira dbus[1014]: [system] Successfully activated service 'org.freedesktop.systemd1'
Mar 15 13:38:41 gojira kernel: imklog 5.8.11, log source = /proc/kmsg started.
Mar 15 13:38:41 gojira rsyslogd: [origin software="rsyslogd" swVersion="5.8.11" x-pid="1052" x-info="http://www.rsyslog.com"] start
Mar 15 13:38:41 gojira rsyslogd: rsyslogd's groupid changed to 103
Mar 15 13:38:41 gojira rsyslogd: rsyslogd's userid changed to 101
Mar 15 13:38:41 gojira rsyslogd-2039: Could not open output pipe '/dev/xconsole' [try http://www.rsyslog.com/e/2039 ]
Mar 15 13:38:41 gojira ntpdate[1060]: Can't find host ntp.ubuntu.com: Name or service not known (-2)
Mar 15 13:38:41 gojira ntpdate[1060]: no servers can be used, exiting
Mar 15 13:38:41 gojira kernel: [    0.000000] Initializing cgroup subsys cpuset
Mar 15 13:38:41 gojira kernel: [    0.000000] Initializing cgroup subsys cpu
Mar 15 13:38:41 gojira kernel: [    0.000000] Initializing cgroup subsys cpuacct
Mar 15 13:38:41 gojira kernel: [    0.000000] Linux version 3.11.0-18-generic (buildd@toyol) (gcc version 4.8.1 (Ubuntu/Linaro 4.8.1-10ubuntu8) ) #32-Ubuntu SMP Tue Feb 18 21:11:14 UTC 2014 (Ubuntu 3.11.0-18.32-generic 3.11.10.4)
Mar 15 13:38:41 gojira kernel: [    0.000000] Command line: BOOT_IMAGE=/boot/vmlinuz-3.11.0-18-generic root=UUID=8c8e423f-8d61-407f-b0ac-f044a9b10c0e ro quiet splash vt.handoff=7
Mar 15 13:38:41 gojira kernel: [    0.000000] KERNEL supported cpus:
Mar 15 13:38:41 gojira kernel: [    0.000000]   Intel GenuineIntel
Mar 15 13:38:41 gojira kernel: [    0.000000]   AMD AuthenticAMD
Mar 15 13:38:41 gojira kernel: [    0.000000]   Centaur CentaurHauls
Mar 15 13:38:41 gojira kernel: [    0.000000] e820: BIOS-provided physical RAM map:
Mar 15 13:38:41 gojira kernel: [    0.000000] BIOS-e820: [mem 0x0000000000000000-0x000000000009d7ff] usable
Mar 15 13:38:41 gojira kernel: [    0.000000] BIOS-e820: [mem 0x000000000009d800-0x000000000009ffff] reserved
Mar 15 13:38:41 gojira kernel: [    0.000000] BIOS-e820: [mem 0x00000000000d2000-0x00000000000d3fff] reserved
Mar 15 13:38:41 gojira kernel: [    0.000000] BIOS-e820: [mem 0x00000000000e0000-0x00000000000fffff] reserved
Mar 15 13:38:41 gojira kernel: [    0.000000] BIOS-e820: [mem 0x0000000000100000-0x000000007deaffff] usable
Mar 15 13:38:41 gojira kernel: [    0.000000] BIOS-e820: [mem 0x000000007deb0000-0x000000007decbfff] ACPI data
Mar 15 13:38:41 gojira kernel: [    0.000000] BIOS-e820: [mem 0x000000007decc000-0x000000007defffff] ACPI NVS
Mar 15 13:38:41 gojira kernel: [    0.000000] BIOS-e820: [mem 0x000000007df00000-0x000000007dffffff] reserved
Mar 15 13:38:41 gojira kernel: [    0.000000] BIOS-e820: [mem 0x00000000f0000000-0x00000000f3ffffff] reserved
Mar 15 13:38:41 gojira kernel: [    0.000000] BIOS-e820: [mem 0x00000000fec00000-0x00000000fec0ffff] reserved
Mar 15 13:38:41 gojira kernel: [    0.000000] BIOS-e820: [mem 0x00000000fed00000-0x00000000fed003ff] reserved
Mar 15 13:38:41 gojira kernel: [    0.000000] BIOS-e820: [mem 0x00000000fed14000-0x00000000fed19fff] reserved
Mar 15 13:38:41 gojira kernel: [    0.000000] BIOS-e820: [mem 0x00000000fed1c000-0x00000000fed8ffff] reserved
Mar 15 13:38:41 gojira kernel: [    0.000000] BIOS-e820: [mem 0x00000000fee00000-0x00000000fee00fff] reserved
Mar 15 13:38:41 gojira kernel: [    0.000000] BIOS-e820: [mem 0x00000000ff000000-0x00000000ffffffff] reserved
Mar 15 13:38:41 gojira kernel: [    0.000000] NX (Execute Disable) protection: active
Mar 15 13:38:41 gojira kernel: [    0.000000] SMBIOS 2.4 present.
Mar 15 13:38:41 gojira kernel: [    0.000000] DMI: LENOVO 8889Y1D/8889Y1D, BIOS 7LETC1WW (2.21 ) 07/01/2008
Mar 15 13:38:41 gojira kernel: [    0.000000] e820: update [mem 0x00000000-0x00000fff] usable ==> reserved
Mar 15 13:38:41 gojira kernel: [    0.000000] e820: remove [mem 0x000a0000-0x000fffff] usable
Mar 15 13:38:41 gojira kernel: [    0.000000] No AGP bridge found
Mar 15 13:38:41 gojira kernel: [    0.000000] e820: last_pfn = 0x7deb0 max_arch_pfn = 0x400000000
Mar 15 13:38:41 gojira kernel: [    0.000000] MTRR default type: uncachable
Mar 15 13:38:41 gojira kernel: [    0.000000] MTRR fixed ranges enabled:
Mar 15 13:38:41 gojira kernel: [    0.000000]   00000-9FFFF write-back
Mar 15 13:38:41 gojira kernel: [    0.000000]   A0000-BFFFF uncachable
Mar 15 13:38:41 gojira kernel: [    0.000000]   C0000-CFFFF write-protect
Mar 15 13:38:41 gojira kernel: [    0.000000]   D0000-DFFFF uncachable
Mar 15 13:38:41 gojira kernel: [    0.000000]   E0000-FFFFF write-protect
Mar 15 13:38:41 gojira kernel: [    0.000000] MTRR variable ranges enabled:
Mar 15 13:38:41 gojira kernel: [    0.000000]   0 base 07E000000 mask FFE000000 uncachable
Mar 15 13:38:41 gojira kernel: [    0.000000]   1 base 000000000 mask F80000000 write-back
Mar 15 13:38:41 gojira kernel: [    0.000000]   2 base 07DF00000 mask FFFF00000 uncachable
Mar 15 13:38:41 gojira kernel: [    0.000000]   3 disabled
Mar 15 13:38:41 gojira kernel: [    0.000000]   4 disabled
Mar 15 13:38:41 gojira kernel: [    0.000000]   5 disabled
Mar 15 13:38:41 gojira kernel: [    0.000000]   6 disabled
Mar 15 13:38:41 gojira kernel: [    0.000000]   7 disabled
Mar 15 13:38:41 gojira kernel: [    0.000000] x86 PAT enabled: cpu 0, old 0x7040600070406, new 0x7010600070106
Mar 15 13:38:41 gojira kernel: [    0.000000] original variable MTRRs
Mar 15 13:38:41 gojira kernel: [    0.000000] reg 0, base: 2016MB, range: 32MB, type UC
Mar 15 13:38:41 gojira kernel: [    0.000000] reg 1, base: 0GB, range: 2GB, type WB
Mar 15 13:38:41 gojira kernel: [    0.000000] reg 2, base: 2015MB, range: 1MB, type UC
Mar 15 13:38:41 gojira kernel: [    0.000000] total RAM covered: 2015M
Mar 15 13:38:41 gojira kernel: [    0.000000] Found optimal setting for mtrr clean up
Mar 15 13:38:41 gojira kernel: [    0.000000]  gran_size: 64K 	chunk_size: 64M 	num_reg: 3  	lose cover RAM: 0G
Mar 15 13:38:41 gojira kernel: [    0.000000] New variable MTRRs
Mar 15 13:38:41 gojira kernel: [    0.000000] reg 0, base: 0GB, range: 2GB, type WB
Mar 15 13:38:41 gojira kernel: [    0.000000] reg 1, base: 2015MB, range: 1MB, type UC
Mar 15 13:38:41 gojira kernel: [    0.000000] reg 2, base: 2016MB, range: 32MB, type UC
Mar 15 13:38:41 gojira kernel: [    0.000000] found SMP MP-table at [mem 0x000f6900-0x000f690f] mapped at [ffff8800000f6900]
Mar 15 13:38:41 gojira kernel: [    0.000000] Scanning 1 areas for low memory corruption
Mar 15 13:38:41 gojira kernel: [    0.000000] Base memory trampoline at [ffff880000097000] 97000 size 24576
Mar 15 13:38:41 gojira kernel: [    0.000000] init_memory_mapping: [mem 0x00000000-0x000fffff]
Mar 15 13:38:41 gojira kernel: [    0.000000]  [mem 0x00000000-0x000fffff] page 4k
Mar 15 13:38:41 gojira kernel: [    0.000000] BRK [0x01fd1000, 0x01fd1fff] PGTABLE
Mar 15 13:38:41 gojira kernel: [    0.000000] BRK [0x01fd2000, 0x01fd2fff] PGTABLE
Mar 15 13:38:41 gojira kernel: [    0.000000] BRK [0x01fd3000, 0x01fd3fff] PGTABLE
Mar 15 13:38:41 gojira kernel: [    0.000000] init_memory_mapping: [mem 0x7dc00000-0x7ddfffff]
Mar 15 13:38:41 gojira kernel: [    0.000000]  [mem 0x7dc00000-0x7ddfffff] page 2M
Mar 15 13:38:41 gojira kernel: [    0.000000] BRK [0x01fd4000, 0x01fd4fff] PGTABLE
Mar 15 13:38:41 gojira kernel: [    0.000000] init_memory_mapping: [mem 0x7c000000-0x7dbfffff]
Mar 15 13:38:41 gojira kernel: [    0.000000]  [mem 0x7c000000-0x7dbfffff] page 2M
Mar 15 13:38:41 gojira kernel: [    0.000000] init_memory_mapping: [mem 0x00100000-0x7bffffff]
Mar 15 13:38:41 gojira kernel: [    0.000000]  [mem 0x00100000-0x001fffff] page 4k
Mar 15 13:38:41 gojira kernel: [    0.000000]  [mem 0x00200000-0x7bffffff] page 2M
Mar 15 13:38:41 gojira kernel: [    0.000000] init_memory_mapping: [mem 0x7de00000-0x7deaffff]
Mar 15 13:38:41 gojira kernel: [    0.000000]  [mem 0x7de00000-0x7deaffff] page 4k
Mar 15 13:38:41 gojira kernel: [    0.000000] BRK [0x01fd5000, 0x01fd5fff] PGTABLE
Mar 15 13:38:41 gojira kernel: [    0.000000] RAMDISK: [mem 0x35eb0000-0x36f4ffff]
Mar 15 13:38:41 gojira kernel: [    0.000000] ACPI: RSDP 00000000000f68d0 00024 (v02 LENOVO)
Mar 15 13:38:41 gojira kernel: [    0.000000] ACPI: XSDT 000000007debb77f 0009C (v01 LENOVO TP-7L    00002210  LTP 00000000)
Mar 15 13:38:41 gojira kernel: [    0.000000] ACPI: FACP 000000007debb900 000F4 (v03 LENOVO TP-7L    00002210 LNVO 00000001)
Mar 15 13:38:41 gojira kernel: [    0.000000] ACPI BIOS Warning (bug): 32/64X length mismatch in FADT/Gpe1Block: 0/32 (20130517/tbfadt-572)
Mar 15 13:38:41 gojira kernel: [    0.000000] ACPI BIOS Warning (bug): Optional FADT field Gpe1Block has zero address or length: 0x000000000000102C/0x0 (20130517/tbfadt-603)
Mar 15 13:38:41 gojira kernel: [    0.000000] ACPI: DSDT 000000007debbd1d 0FED1 (v01 LENOVO TP-7L    00002210 MSFT 03000000)
Mar 15 13:38:41 gojira kernel: [    0.000000] ACPI: FACS 000000007dee4000 00040
Mar 15 13:38:41 gojira kernel: [    0.000000] ACPI: SSDT 000000007debbab4 00269 (v01 LENOVO TP-7L    00002210 MSFT 03000000)
Mar 15 13:38:41 gojira kernel: [    0.000000] ACPI: ECDT 000000007decbbee 00052 (v01 LENOVO TP-7L    00002210 LNVO 00000001)
Mar 15 13:38:41 gojira kernel: [    0.000000] ACPI: TCPA 000000007decbc40 00032 (v02 LENOVO TP-7L    00002210 LNVO 00000001)
Mar 15 13:38:41 gojira kernel: [    0.000000] ACPI: APIC 000000007decbc72 00068 (v01 LENOVO TP-7L    00002210 LNVO 00000001)
Mar 15 13:38:41 gojira kernel: [    0.000000] ACPI: MCFG 000000007decbcda 0003C (v01 LENOVO TP-7L    00002210 LNVO 00000001)
Mar 15 13:38:41 gojira kernel: [    0.000000] ACPI: HPET 000000007decbd16 00038 (v01 LENOVO TP-7L    00002210 LNVO 00000001)
Mar 15 13:38:41 gojira kernel: [    0.000000] ACPI: SLIC 000000007decbdf0 00176 (v01 LENOVO TP-7L    00002210  LTP 00000000)
Mar 15 13:38:41 gojira kernel: [    0.000000] ACPI: BOOT 000000007decbf66 00028 (v01 LENOVO TP-7L    00002210  LTP 00000001)
Mar 15 13:38:41 gojira kernel: [    0.000000] ACPI: ASF! 000000007decbf8e 00072 (v16 LENOVO TP-7L    00002210 PTL  00000001)
Mar 15 13:38:41 gojira kernel: [    0.000000] ACPI: SSDT 000000007dee2697 0025F (v01 LENOVO TP-7L    00002210 INTL 20050513)
Mar 15 13:38:41 gojira kernel: [    0.000000] ACPI: SSDT 000000007dee28f6 000A6 (v01 LENOVO TP-7L    00002210 INTL 20050513)
Mar 15 13:38:41 gojira kernel: [    0.000000] ACPI: SSDT 000000007dee299c 004F7 (v01 LENOVO TP-7L    00002210 INTL 20050513)
Mar 15 13:38:41 gojira kernel: [    0.000000] ACPI: SSDT 000000007dee2e93 008BD (v01 LENOVO TP-7L    00002210 INTL 20050513)
Mar 15 13:38:41 gojira kernel: [    0.000000] ACPI: SSDT 000000007dee3750 0069C (v01 LENOVO TP-7L    00002210 INTL 20050513)
Mar 15 13:38:41 gojira kernel: [    0.000000] ACPI: DMI detected: Lenovo ThinkPad T61
Mar 15 13:38:41 gojira kernel: [    0.000000] ACPI: Local APIC address 0xfee00000
Mar 15 13:38:41 gojira kernel: [    0.000000] No NUMA configuration found
Mar 15 13:38:41 gojira kernel: [    0.000000] Faking a node at [mem 0x0000000000000000-0x000000007deaffff]
Mar 15 13:38:41 gojira kernel: [    0.000000] Initmem setup node 0 [mem 0x00000000-0x7deaffff]
Mar 15 13:38:41 gojira kernel: [    0.000000]   NODE_DATA [mem 0x7deab000-0x7deaffff]
Mar 15 13:38:41 gojira kernel: [    0.000000]  [ffffea0000000000-ffffea0001ffffff] PMD -> [ffff88007b600000-ffff88007d5fffff] on node 0
Mar 15 13:38:41 gojira kernel: [    0.000000] Zone ranges:
Mar 15 13:38:41 gojira kernel: [    0.000000]   DMA      [mem 0x00001000-0x00ffffff]
Mar 15 13:38:41 gojira kernel: [    0.000000]   DMA32    [mem 0x01000000-0xffffffff]
Mar 15 13:38:41 gojira kernel: [    0.000000]   Normal   empty
Mar 15 13:38:41 gojira kernel: [    0.000000] Movable zone start for each node
Mar 15 13:38:41 gojira kernel: [    0.000000] Early memory node ranges
Mar 15 13:38:41 gojira kernel: [    0.000000]   node   0: [mem 0x00001000-0x0009cfff]
Mar 15 13:38:41 gojira kernel: [    0.000000]   node   0: [mem 0x00100000-0x7deaffff]
Mar 15 13:38:41 gojira kernel: [    0.000000] On node 0 totalpages: 515660
Mar 15 13:38:41 gojira kernel: [    0.000000]   DMA zone: 64 pages used for memmap
Mar 15 13:38:41 gojira kernel: [    0.000000]   DMA zone: 21 pages reserved
Mar 15 13:38:41 gojira kernel: [    0.000000]   DMA zone: 3996 pages, LIFO batch:0
Mar 15 13:38:41 gojira kernel: [    0.000000]   DMA32 zone: 7995 pages used for memmap
Mar 15 13:38:41 gojira kernel: [    0.000000]   DMA32 zone: 511664 pages, LIFO batch:31
Mar 15 13:38:41 gojira kernel: [    0.000000] ACPI: PM-Timer IO Port: 0x1008
Mar 15 13:38:41 gojira kernel: [    0.000000] ACPI: Local APIC address 0xfee00000
Mar 15 13:38:41 gojira kernel: [    0.000000] ACPI: LAPIC (acpi_id[0x00] lapic_id[0x00] enabled)
Mar 15 13:38:41 gojira kernel: [    0.000000] ACPI: LAPIC (acpi_id[0x01] lapic_id[0x01] enabled)
Mar 15 13:38:41 gojira kernel: [    0.000000] ACPI: LAPIC_NMI (acpi_id[0x00] high edge lint[0x1])
Mar 15 13:38:41 gojira kernel: [    0.000000] ACPI: LAPIC_NMI (acpi_id[0x01] high edge lint[0x1])
Mar 15 13:38:41 gojira kernel: [    0.000000] ACPI: IOAPIC (id[0x01] address[0xfec00000] gsi_base[0])
Mar 15 13:38:41 gojira kernel: [    0.000000] IOAPIC[0]: apic_id 1, version 32, address 0xfec00000, GSI 0-23
Mar 15 13:38:41 gojira kernel: [    0.000000] ACPI: INT_SRC_OVR (bus 0 bus_irq 0 global_irq 2 dfl dfl)
Mar 15 13:38:41 gojira kernel: [    0.000000] ACPI: INT_SRC_OVR (bus 0 bus_irq 9 global_irq 9 high level)
Mar 15 13:38:41 gojira kernel: [    0.000000] ACPI: IRQ0 used by override.
Mar 15 13:38:41 gojira kernel: [    0.000000] ACPI: IRQ2 used by override.
Mar 15 13:38:41 gojira kernel: [    0.000000] ACPI: IRQ9 used by override.
Mar 15 13:38:41 gojira kernel: [    0.000000] Using ACPI (MADT) for SMP configuration information
Mar 15 13:38:41 gojira kernel: [    0.000000] ACPI: HPET id: 0x8086a201 base: 0xfed00000
Mar 15 13:38:41 gojira kernel: [    0.000000] smpboot: Allowing 2 CPUs, 0 hotplug CPUs
Mar 15 13:38:41 gojira kernel: [    0.000000] nr_irqs_gsi: 40
Mar 15 13:38:41 gojira kernel: [    0.000000] PM: Registered nosave memory: [mem 0x0009d000-0x0009dfff]
Mar 15 13:38:41 gojira kernel: [    0.000000] PM: Registered nosave memory: [mem 0x0009e000-0x0009ffff]
Mar 15 13:38:41 gojira kernel: [    0.000000] PM: Registered nosave memory: [mem 0x000a0000-0x000d1fff]
Mar 15 13:38:41 gojira kernel: [    0.000000] PM: Registered nosave memory: [mem 0x000d2000-0x000d3fff]
Mar 15 13:38:41 gojira kernel: [    0.000000] PM: Registered nosave memory: [mem 0x000d4000-0x000dffff]
Mar 15 13:38:41 gojira kernel: [    0.000000] PM: Registered nosave memory: [mem 0x000e0000-0x000fffff]
Mar 15 13:38:41 gojira kernel: [    0.000000] e820: [mem 0x7e000000-0xefffffff] available for PCI devices
Mar 15 13:38:41 gojira kernel: [    0.000000] Booting paravirtualized kernel on bare hardware
Mar 15 13:38:41 gojira kernel: [    0.000000] setup_percpu: NR_CPUS:256 nr_cpumask_bits:256 nr_cpu_ids:2 nr_node_ids:1
Mar 15 13:38:41 gojira kernel: [    0.000000] PERCPU: Embedded 29 pages/cpu @ffff88007dc00000 s86720 r8192 d23872 u1048576
Mar 15 13:38:41 gojira kernel: [    0.000000] pcpu-alloc: s86720 r8192 d23872 u1048576 alloc=1*2097152
Mar 15 13:38:41 gojira kernel: [    0.000000] pcpu-alloc: [0] 0 1 
Mar 15 13:38:41 gojira kernel: [    0.000000] Built 1 zonelists in Node order, mobility grouping on.  Total pages: 507580
Mar 15 13:38:41 gojira kernel: [    0.000000] Policy zone: DMA32
Mar 15 13:38:41 gojira kernel: [    0.000000] Kernel command line: BOOT_IMAGE=/boot/vmlinuz-3.11.0-18-generic root=UUID=8c8e423f-8d61-407f-b0ac-f044a9b10c0e ro quiet splash vt.handoff=7
Mar 15 13:38:41 gojira kernel: [    0.000000] PID hash table entries: 4096 (order: 3, 32768 bytes)
Mar 15 13:38:41 gojira kernel: [    0.000000] Checking aperture...
Mar 15 13:38:41 gojira kernel: [    0.000000] No AGP bridge found
Mar 15 13:38:41 gojira kernel: [    0.000000] Calgary: detecting Calgary via BIOS EBDA area
Mar 15 13:38:41 gojira kernel: [    0.000000] Calgary: Unable to locate Rio Grande table in EBDA - bailing!
Mar 15 13:38:41 gojira kernel: [    0.000000] Memory: 1996036K/2062640K available (7154K kernel code, 1083K rwdata, 3312K rodata, 1364K init, 1420K bss, 66604K reserved)
Mar 15 13:38:41 gojira kernel: [    0.000000] SLUB: HWalign=64, Order=0-3, MinObjects=0, CPUs=2, Nodes=1
Mar 15 13:38:41 gojira kernel: [    0.000000] Hierarchical RCU implementation.
Mar 15 13:38:41 gojira kernel: [    0.000000] 	RCU dyntick-idle grace-period acceleration is enabled.
Mar 15 13:38:41 gojira kernel: [    0.000000] 	RCU restricting CPUs from NR_CPUS=256 to nr_cpu_ids=2.
Mar 15 13:38:41 gojira kernel: [    0.000000] 	Offload RCU callbacks from all CPUs
Mar 15 13:38:41 gojira kernel: [    0.000000] 	Offload RCU callbacks from CPUs: 0-255.
Mar 15 13:38:41 gojira kernel: [    0.000000] NR_IRQS:16640 nr_irqs:512 16
Mar 15 13:38:41 gojira kernel: [    0.000000] Console: colour dummy device 80x25
Mar 15 13:38:41 gojira kernel: [    0.000000] console [tty0] enabled
Mar 15 13:38:41 gojira kernel: [    0.000000] allocated 8388608 bytes of page_cgroup
Mar 15 13:38:41 gojira kernel: [    0.000000] please try 'cgroup_disable=memory' option if you don't want memory cgroups
Mar 15 13:38:41 gojira kernel: [    0.000000] hpet clockevent registered
Mar 15 13:38:41 gojira kernel: [    0.000000] tsc: Fast TSC calibration using PIT
Mar 15 13:38:41 gojira kernel: [    0.000000] tsc: Detected 1795.413 MHz processor
Mar 15 13:38:41 gojira kernel: [    0.004009] Calibrating delay loop (skipped), value calculated using timer frequency.. 3590.82 BogoMIPS (lpj=7181652)
Mar 15 13:38:41 gojira kernel: [    0.004020] pid_max: default: 32768 minimum: 301
Mar 15 13:38:41 gojira kernel: [    0.004098] Security Framework initialized
Mar 15 13:38:41 gojira kernel: [    0.004155] AppArmor: AppArmor initialized
Mar 15 13:38:41 gojira kernel: [    0.004158] Yama: becoming mindful.
Mar 15 13:38:41 gojira kernel: [    0.004738] Dentry cache hash table entries: 262144 (order: 9, 2097152 bytes)
Mar 15 13:38:41 gojira kernel: [    0.008572] Inode-cache hash table entries: 131072 (order: 8, 1048576 bytes)
Mar 15 13:38:41 gojira kernel: [    0.009782] Mount-cache hash table entries: 256
Mar 15 13:38:41 gojira kernel: [    0.010411] Initializing cgroup subsys memory
Mar 15 13:38:41 gojira kernel: [    0.010450] Initializing cgroup subsys devices
Mar 15 13:38:41 gojira kernel: [    0.010457] Initializing cgroup subsys freezer
Mar 15 13:38:41 gojira kernel: [    0.010462] Initializing cgroup subsys blkio
Mar 15 13:38:41 gojira kernel: [    0.010467] Initializing cgroup subsys perf_event
Mar 15 13:38:41 gojira kernel: [    0.010475] Initializing cgroup subsys hugetlb
Mar 15 13:38:41 gojira kernel: [    0.010537] CPU: Physical Processor ID: 0
Mar 15 13:38:41 gojira kernel: [    0.010541] CPU: Processor Core ID: 0
Mar 15 13:38:41 gojira kernel: [    0.010548] mce: CPU supports 6 MCE banks
Mar 15 13:38:41 gojira kernel: [    0.010567] CPU0: Thermal monitoring enabled (TM2)
Mar 15 13:38:41 gojira kernel: [    0.010589] Last level iTLB entries: 4KB 128, 2MB 4, 4MB 4
Mar 15 13:38:41 gojira kernel: [    0.010589] Last level dTLB entries: 4KB 256, 2MB 0, 4MB 32
Mar 15 13:38:41 gojira kernel: [    0.010589] tlb_flushall_shift: -1
Mar 15 13:38:41 gojira kernel: [    0.010820] Freeing SMP alternatives memory: 28K (ffffffff81e65000 - ffffffff81e6c000)
Mar 15 13:38:41 gojira kernel: [    0.018318] ACPI: Core revision 20130517
Mar 15 13:38:41 gojira kernel: [    0.044694] ACPI: All ACPI Tables successfully acquired
Mar 15 13:38:41 gojira kernel: [    0.048028] ftrace: allocating 27858 entries in 109 pages
Mar 15 13:38:41 gojira kernel: [    0.072815] ..TIMER: vector=0x30 apic1=0 pin1=2 apic2=-1 pin2=-1
Mar 15 13:38:41 gojira kernel: [    0.114056] smpboot: CPU0: Intel(R) Core(TM)2 Duo CPU     T7100  @ 1.80GHz (fam: 06, model: 0f, stepping: 0d)
Mar 15 13:38:41 gojira kernel: [    0.116000] Performance Events: PEBS fmt0+, 4-deep LBR, Core2 events, Intel PMU driver.
Mar 15 13:38:41 gojira kernel: [    0.116000] perf_event_intel: PEBS disabled due to CPU errata
Mar 15 13:38:41 gojira kernel: [    0.116000] ... version:                2
Mar 15 13:38:41 gojira kernel: [    0.116000] ... bit width:              40
Mar 15 13:38:41 gojira kernel: [    0.116000] ... generic registers:      2
Mar 15 13:38:41 gojira kernel: [    0.116000] ... value mask:             000000ffffffffff
Mar 15 13:38:41 gojira kernel: [    0.116000] ... max period:             000000007fffffff
Mar 15 13:38:41 gojira kernel: [    0.116000] ... fixed-purpose events:   3
Mar 15 13:38:41 gojira kernel: [    0.116000] ... event mask:             0000000700000003
Mar 15 13:38:41 gojira kernel: [    0.117642] NMI watchdog: enabled on all CPUs, permanently consumes one hw-PMU counter.
Mar 15 13:38:41 gojira kernel: [    0.117943] smpboot: Booting Node   0, Processors  #1 OK
Mar 15 13:38:41 gojira kernel: [    0.131007] TSC synchronization [CPU#0 -> CPU#1]:
Mar 15 13:38:41 gojira kernel: [    0.131015] Measured 968139 cycles TSC warp between CPUs, turning off TSC clock.
Mar 15 13:38:41 gojira kernel: [    0.131020] tsc: Marking TSC unstable due to check_tsc_sync_source failed
Mar 15 13:38:41 gojira kernel: [    0.131102] Brought up 2 CPUs
Mar 15 13:38:41 gojira kernel: [    0.131108] smpboot: Total of 2 processors activated (7181.65 BogoMIPS)
Mar 15 13:38:41 gojira kernel: [    0.132280] devtmpfs: initialized
Mar 15 13:38:41 gojira kernel: [    0.134303] EVM: security.selinux
Mar 15 13:38:41 gojira kernel: [    0.134309] EVM: security.SMACK64
Mar 15 13:38:41 gojira kernel: [    0.134314] EVM: security.capability
Mar 15 13:38:41 gojira kernel: [    0.136072] PM: Registering ACPI NVS region [mem 0x7decc000-0x7defffff] (212992 bytes)
Mar 15 13:38:41 gojira kernel: [    0.137699] regulator-dummy: no parameters
Mar 15 13:38:41 gojira kernel: [    0.137778] RTC time: 12:38:27, date: 03/15/14
Mar 15 13:38:41 gojira kernel: [    0.137881] NET: Registered protocol family 16
Mar 15 13:38:41 gojira kernel: [    0.138321] ACPI FADT declares the system doesn't support PCIe ASPM, so disable it
Mar 15 13:38:41 gojira kernel: [    0.138328] ACPI: bus type PCI registered
Mar 15 13:38:41 gojira kernel: [    0.138334] acpiphp: ACPI Hot Plug PCI Controller Driver version: 0.5
Mar 15 13:38:41 gojira kernel: [    0.138495] PCI: MMCONFIG for domain 0000 [bus 00-3f] at [mem 0xf0000000-0xf3ffffff] (base 0xf0000000)
Mar 15 13:38:41 gojira kernel: [    0.138503] PCI: MMCONFIG at [mem 0xf0000000-0xf3ffffff] reserved in E820
Mar 15 13:38:41 gojira kernel: [    0.152968] PCI: Using configuration type 1 for base access
Mar 15 13:38:41 gojira kernel: [    0.156159] bio: create slab <bio-0> at 0
Mar 15 13:38:41 gojira kernel: [    0.156241] ACPI: Added _OSI(Module Device)
Mar 15 13:38:41 gojira kernel: [    0.156248] ACPI: Added _OSI(Processor Device)
Mar 15 13:38:41 gojira kernel: [    0.156254] ACPI: Added _OSI(3.0 _SCP Extensions)
Mar 15 13:38:41 gojira kernel: [    0.156259] ACPI: Added _OSI(Processor Aggregator Device)
Mar 15 13:38:41 gojira kernel: [    0.156264] ACPI: Added _OSI(Linux)
Mar 15 13:38:41 gojira kernel: [    0.162991] ACPI: EC: EC description table is found, configuring boot EC
Mar 15 13:38:41 gojira kernel: [    0.179888] [Firmware Bug]: ACPI: BIOS _OSI(Linux) query honored via DMI
Mar 15 13:38:41 gojira kernel: [    0.197137] ACPI: SSDT 000000007dee1b32 00282 (v01  PmRef  Cpu0Ist 00000100 INTL 20050513)
Mar 15 13:38:41 gojira kernel: [    0.198777] ACPI: Dynamic OEM Table Load:
Mar 15 13:38:41 gojira kernel: [    0.198786] ACPI: SSDT           (null) 00282 (v01  PmRef  Cpu0Ist 00000100 INTL 20050513)
Mar 15 13:38:41 gojira kernel: [    0.199131] ACPI: SSDT 000000007dee1e39 0085E (v01  PmRef  Cpu0Cst 00000100 INTL 20050513)
Mar 15 13:38:41 gojira kernel: [    0.201174] ACPI: Dynamic OEM Table Load:
Mar 15 13:38:41 gojira kernel: [    0.201182] ACPI: SSDT           (null) 0085E (v01  PmRef  Cpu0Cst 00000100 INTL 20050513)
Mar 15 13:38:41 gojira kernel: [    0.204570] ACPI: SSDT 000000007dee1a6a 000C8 (v01  PmRef  Cpu1Ist 00000100 INTL 20050513)
Mar 15 13:38:41 gojira kernel: [    0.206200] ACPI: Dynamic OEM Table Load:
Mar 15 13:38:41 gojira kernel: [    0.206208] ACPI: SSDT           (null) 000C8 (v01  PmRef  Cpu1Ist 00000100 INTL 20050513)
Mar 15 13:38:41 gojira kernel: [    0.206409] ACPI: SSDT 000000007dee1db4 00085 (v01  PmRef  Cpu1Cst 00000100 INTL 20050513)
Mar 15 13:38:41 gojira kernel: [    0.208029] ACPI: Dynamic OEM Table Load:
Mar 15 13:38:41 gojira kernel: [    0.208038] ACPI: SSDT           (null) 00085 (v01  PmRef  Cpu1Cst 00000100 INTL 20050513)
Mar 15 13:38:41 gojira kernel: [    0.212557] ACPI: Interpreter enabled
Mar 15 13:38:41 gojira kernel: [    0.212572] ACPI Exception: AE_NOT_FOUND, While evaluating Sleep State [\_S1_] (20130517/hwxface-571)
Mar 15 13:38:41 gojira kernel: [    0.212586] ACPI Exception: AE_NOT_FOUND, While evaluating Sleep State [\_S2_] (20130517/hwxface-571)
Mar 15 13:38:41 gojira kernel: [    0.212628] ACPI: (supports S0 S3 S4 S5)
Mar 15 13:38:41 gojira kernel: [    0.212633] ACPI: Using IOAPIC for interrupt routing
Mar 15 13:38:41 gojira kernel: [    0.212701] PCI: Using host bridge windows from ACPI; if necessary, use "pci=nocrs" and report a bug
Mar 15 13:38:41 gojira kernel: [    0.216468] ACPI: ACPI Dock Station Driver: 4 docks/bays found
Mar 15 13:38:41 gojira kernel: [    0.226797] ACPI: Power Resource [PUBS] (on)
Mar 15 13:38:41 gojira kernel: [    0.238381] ACPI: PCI Interrupt Link [LNKA] (IRQs 3 4 5 6 7 9 *10 11)
Mar 15 13:38:41 gojira kernel: [    0.238677] ACPI: PCI Interrupt Link [LNKB] (IRQs 3 4 5 6 7 9 10 *11)
Mar 15 13:38:41 gojira kernel: [    0.238968] ACPI: PCI Interrupt Link [LNKC] (IRQs 3 4 5 6 7 9 10 *11)
Mar 15 13:38:41 gojira kernel: [    0.239256] ACPI: PCI Interrupt Link [LNKD] (IRQs 3 4 5 6 7 9 10 *11)
Mar 15 13:38:41 gojira kernel: [    0.239543] ACPI: PCI Interrupt Link [LNKE] (IRQs 3 4 5 6 7 9 10 *11)
Mar 15 13:38:41 gojira kernel: [    0.239827] ACPI: PCI Interrupt Link [LNKF] (IRQs 3 4 5 6 7 9 10 *11)
Mar 15 13:38:41 gojira kernel: [    0.240126] ACPI: PCI Interrupt Link [LNKG] (IRQs 3 4 5 6 7 9 10 *11)
Mar 15 13:38:41 gojira kernel: [    0.240412] ACPI: PCI Interrupt Link [LNKH] (IRQs 3 4 5 6 7 9 10 *11)
Mar 15 13:38:41 gojira kernel: [    0.240587] ACPI: PCI Root Bridge [PCI0] (domain 0000 [bus 00-ff])
Mar 15 13:38:41 gojira kernel: [    0.241199] acpi PNP0A08:00: Requesting ACPI _OSC control (0x1d)
Mar 15 13:38:41 gojira kernel: [    0.242216] acpi PNP0A08:00: ACPI _OSC control (0x1d) granted
Mar 15 13:38:41 gojira kernel: [    0.242304] acpi PNP0A08:00: [Firmware Info]: MMCONFIG for domain 0000 [bus 00-3f] only partially covers this bridge
Mar 15 13:38:41 gojira kernel: [    0.242667] PCI host bridge to bus 0000:00
Mar 15 13:38:41 gojira kernel: [    0.242676] pci_bus 0000:00: root bus resource [bus 00-ff]
Mar 15 13:38:41 gojira kernel: [    0.242684] pci_bus 0000:00: root bus resource [io  0x0000-0x0cf7]
Mar 15 13:38:41 gojira kernel: [    0.242691] pci_bus 0000:00: root bus resource [io  0x0d00-0xffff]
Mar 15 13:38:41 gojira kernel: [    0.242697] pci_bus 0000:00: root bus resource [mem 0x000a0000-0x000bffff]
Mar 15 13:38:41 gojira kernel: [    0.242704] pci_bus 0000:00: root bus resource [mem 0x000d4000-0x000d7fff]
Mar 15 13:38:41 gojira kernel: [    0.242711] pci_bus 0000:00: root bus resource [mem 0x000d8000-0x000dbfff]
Mar 15 13:38:41 gojira kernel: [    0.242718] pci_bus 0000:00: root bus resource [mem 0x000dc000-0x000dffff]
Mar 15 13:38:41 gojira kernel: [    0.242724] pci_bus 0000:00: root bus resource [mem 0x7e000000-0xfebfffff]
Mar 15 13:38:41 gojira kernel: [    0.242731] pci_bus 0000:00: root bus resource [mem 0xfed40000-0xfed4bfff]
Mar 15 13:38:41 gojira kernel: [    0.242759] pci 0000:00:00.0: [8086:2a00] type 00 class 0x060000
Mar 15 13:38:41 gojira kernel: [    0.243045] pci 0000:00:01.0: [8086:2a01] type 01 class 0x060400
Mar 15 13:38:41 gojira kernel: [    0.243162] pci 0000:00:01.0: PME# supported from D0 D3hot D3cold
Mar 15 13:38:41 gojira kernel: [    0.243520] pci 0000:00:19.0: [8086:1049] type 00 class 0x020000
Mar 15 13:38:41 gojira kernel: [    0.243598] pci 0000:00:19.0: reg 0x10: [mem 0xfe200000-0xfe21ffff]
Mar 15 13:38:41 gojira kernel: [    0.243637] pci 0000:00:19.0: reg 0x14: [mem 0xfe225000-0xfe225fff]
Mar 15 13:38:41 gojira kernel: [    0.243676] pci 0000:00:19.0: reg 0x18: [io  0x1840-0x185f]
Mar 15 13:38:41 gojira kernel: [    0.243957] pci 0000:00:19.0: PME# supported from D0 D3hot D3cold
Mar 15 13:38:41 gojira kernel: [    0.244116] pci 0000:00:19.0: System wakeup disabled by ACPI
Mar 15 13:38:41 gojira kernel: [    0.244235] pci 0000:00:1a.0: [8086:2834] type 00 class 0x0c0300
Mar 15 13:38:41 gojira kernel: [    0.244419] pci 0000:00:1a.0: reg 0x20: [io  0x1860-0x187f]
Mar 15 13:38:41 gojira kernel: [    0.244679] pci 0000:00:1a.0: System wakeup disabled by ACPI
Mar 15 13:38:41 gojira kernel: [    0.244784] pci 0000:00:1a.1: [8086:2835] type 00 class 0x0c0300
Mar 15 13:38:41 gojira kernel: [    0.244967] pci 0000:00:1a.1: reg 0x20: [io  0x1880-0x189f]
Mar 15 13:38:41 gojira kernel: [    0.245226] pci 0000:00:1a.1: System wakeup disabled by ACPI
Mar 15 13:38:41 gojira kernel: [    0.245368] pci 0000:00:1a.7: [8086:283a] type 00 class 0x0c0320
Mar 15 13:38:41 gojira kernel: [    0.245436] pci 0000:00:1a.7: reg 0x10: [mem 0xfe226400-0xfe2267ff]
Mar 15 13:38:41 gojira kernel: [    0.245742] pci 0000:00:1a.7: PME# supported from D0 D3hot D3cold
Mar 15 13:38:41 gojira kernel: [    0.245883] pci 0000:00:1a.7: System wakeup disabled by ACPI
Mar 15 13:38:41 gojira kernel: [    0.246022] pci 0000:00:1b.0: [8086:284b] type 00 class 0x040300
Mar 15 13:38:41 gojira kernel: [    0.246094] pci 0000:00:1b.0: reg 0x10: [mem 0xfe220000-0xfe223fff 64bit]
Mar 15 13:38:41 gojira kernel: [    0.246432] pci 0000:00:1b.0: PME# supported from D0 D3hot D3cold
Mar 15 13:38:41 gojira kernel: [    0.246612] pci 0000:00:1b.0: System wakeup disabled by ACPI
Mar 15 13:38:41 gojira kernel: [    0.246742] pci 0000:00:1c.0: [8086:283f] type 01 class 0x060400
Mar 15 13:38:41 gojira kernel: [    0.247095] pci 0000:00:1c.0: PME# supported from D0 D3hot D3cold
Mar 15 13:38:41 gojira kernel: [    0.247267] pci 0000:00:1c.0: System wakeup disabled by ACPI
Mar 15 13:38:41 gojira kernel: [    0.247388] pci 0000:00:1c.1: [8086:2841] type 01 class 0x060400
Mar 15 13:38:41 gojira kernel: [    0.247740] pci 0000:00:1c.1: PME# supported from D0 D3hot D3cold
Mar 15 13:38:41 gojira kernel: [    0.247911] pci 0000:00:1c.1: System wakeup disabled by ACPI
Mar 15 13:38:41 gojira kernel: [    0.248044] pci 0000:00:1c.2: [8086:2843] type 01 class 0x060400
Mar 15 13:38:41 gojira kernel: [    0.248397] pci 0000:00:1c.2: PME# supported from D0 D3hot D3cold
Mar 15 13:38:41 gojira kernel: [    0.248568] pci 0000:00:1c.2: System wakeup disabled by ACPI
Mar 15 13:38:41 gojira kernel: [    0.248688] pci 0000:00:1c.3: [8086:2845] type 01 class 0x060400
Mar 15 13:38:41 gojira kernel: [    0.249040] pci 0000:00:1c.3: PME# supported from D0 D3hot D3cold
Mar 15 13:38:41 gojira kernel: [    0.249212] pci 0000:00:1c.3: System wakeup disabled by ACPI
Mar 15 13:38:41 gojira kernel: [    0.249337] pci 0000:00:1c.4: [8086:2847] type 01 class 0x060400
Mar 15 13:38:41 gojira kernel: [    0.249688] pci 0000:00:1c.4: PME# supported from D0 D3hot D3cold
Mar 15 13:38:41 gojira kernel: [    0.249863] pci 0000:00:1c.4: System wakeup disabled by ACPI
Mar 15 13:38:41 gojira kernel: [    0.249979] pci 0000:00:1d.0: [8086:2830] type 00 class 0x0c0300
Mar 15 13:38:41 gojira kernel: [    0.250163] pci 0000:00:1d.0: reg 0x20: [io  0x18a0-0x18bf]
Mar 15 13:38:41 gojira kernel: [    0.252078] pci 0000:00:1d.0: System wakeup disabled by ACPI
Mar 15 13:38:41 gojira kernel: [    0.252189] pci 0000:00:1d.1: [8086:2831] type 00 class 0x0c0300
Mar 15 13:38:41 gojira kernel: [    0.252374] pci 0000:00:1d.1: reg 0x20: [io  0x18c0-0x18df]
Mar 15 13:38:41 gojira kernel: [    0.252635] pci 0000:00:1d.1: System wakeup disabled by ACPI
Mar 15 13:38:41 gojira kernel: [    0.252741] pci 0000:00:1d.2: [8086:2832] type 00 class 0x0c0300
Mar 15 13:38:41 gojira kernel: [    0.252741] pci 0000:00:1d.2: reg 0x20: [io  0x18e0-0x18ff]
Mar 15 13:38:41 gojira kernel: [    0.252741] pci 0000:00:1d.2: System wakeup disabled by ACPI
Mar 15 13:38:41 gojira kernel: [    0.252741] pci 0000:00:1d.7: [8086:2836] type 00 class 0x0c0320
Mar 15 13:38:41 gojira kernel: [    0.252741] pci 0000:00:1d.7: reg 0x10: [mem 0xfe226800-0xfe226bff]
Mar 15 13:38:41 gojira kernel: [    0.252922] pci 0000:00:1d.7: PME# supported from D0 D3hot D3cold
Mar 15 13:38:41 gojira kernel: [    0.253073] pci 0000:00:1d.7: System wakeup disabled by ACPI
Mar 15 13:38:41 gojira kernel: [    0.253195] pci 0000:00:1e.0: [8086:2448] type 01 class 0x060401
Mar 15 13:38:41 gojira kernel: [    0.253565] pci 0000:00:1e.0: System wakeup disabled by ACPI
Mar 15 13:38:41 gojira kernel: [    0.253686] pci 0000:00:1f.0: [8086:2811] type 00 class 0x060100
Mar 15 13:38:41 gojira kernel: [    0.253997] pci 0000:00:1f.0: address space collision: [io  0x1000-0x107f] conflicts with ACPI CPU throttle [??? 0x00001010-0x00001015 flags 0x80000000]
Mar 15 13:38:41 gojira kernel: [    0.254015] pci 0000:00:1f.0: quirk: [io  0x1180-0x11bf] claimed by ICH6 GPIO
Mar 15 13:38:41 gojira kernel: [    0.254027] pci 0000:00:1f.0: ICH7 LPC Generic IO decode 1 PIO at 1600 (mask 007f)
Mar 15 13:38:41 gojira kernel: [    0.254039] pci 0000:00:1f.0: ICH7 LPC Generic IO decode 2 PIO at 15e0 (mask 000f)
Mar 15 13:38:41 gojira kernel: [    0.254050] pci 0000:00:1f.0: ICH7 LPC Generic IO decode 3 PIO at 1680 (mask 001f)
Mar 15 13:38:41 gojira kernel: [    0.254387] pci 0000:00:1f.2: [8086:2828] type 00 class 0x010180
Mar 15 13:38:41 gojira kernel: [    0.254456] pci 0000:00:1f.2: reg 0x10: [io  0x0000-0x0007]
Mar 15 13:38:41 gojira kernel: [    0.254494] pci 0000:00:1f.2: reg 0x14: [io  0x0000-0x0003]
Mar 15 13:38:41 gojira kernel: [    0.254533] pci 0000:00:1f.2: reg 0x18: [io  0x0000-0x0007]
Mar 15 13:38:41 gojira kernel: [    0.254571] pci 0000:00:1f.2: reg 0x1c: [io  0x0000-0x0003]
Mar 15 13:38:41 gojira kernel: [    0.254610] pci 0000:00:1f.2: reg 0x20: [io  0x1c30-0x1c3f]
Mar 15 13:38:41 gojira kernel: [    0.254648] pci 0000:00:1f.2: reg 0x24: [io  0x1c20-0x1c2f]
Mar 15 13:38:41 gojira kernel: [    0.254797] pci 0000:00:1f.2: PME# supported from D3hot
Mar 15 13:38:41 gojira kernel: [    0.255024] pci 0000:00:1f.3: [8086:283e] type 00 class 0x0c0500
Mar 15 13:38:41 gojira kernel: [    0.255078] pci 0000:00:1f.3: reg 0x10: [mem 0xfe226c00-0xfe226cff]
Mar 15 13:38:41 gojira kernel: [    0.255214] pci 0000:00:1f.3: reg 0x20: [io  0x1c40-0x1c5f]
Mar 15 13:38:41 gojira kernel: [    0.255669] pci 0000:01:00.0: [10de:0429] type 00 class 0x030000
Mar 15 13:38:41 gojira kernel: [    0.255704] pci 0000:01:00.0: reg 0x10: [mem 0xd6000000-0xd6ffffff]
Mar 15 13:38:41 gojira kernel: [    0.255738] pci 0000:01:00.0: reg 0x14: [mem 0xe0000000-0xefffffff 64bit pref]
Mar 15 13:38:41 gojira kernel: [    0.255773] pci 0000:01:00.0: reg 0x1c: [mem 0xd4000000-0xd5ffffff 64bit]
Mar 15 13:38:41 gojira kernel: [    0.255797] pci 0000:01:00.0: reg 0x24: [io  0x2000-0x207f]
Mar 15 13:38:41 gojira kernel: [    0.255822] pci 0000:01:00.0: reg 0x30: [mem 0x00000000-0x0001ffff pref]
Mar 15 13:38:41 gojira kernel: [    0.264032] pci 0000:00:01.0: PCI bridge to [bus 01]
Mar 15 13:38:41 gojira kernel: [    0.264043] pci 0000:00:01.0:   bridge window [io  0x2000-0x2fff]
Mar 15 13:38:41 gojira kernel: [    0.264052] pci 0000:00:01.0:   bridge window [mem 0xd4000000-0xd6ffffff]
Mar 15 13:38:41 gojira kernel: [    0.264065] pci 0000:00:01.0:   bridge window [mem 0xe0000000-0xefffffff 64bit pref]
Mar 15 13:38:41 gojira kernel: [    0.264301] pci 0000:00:1c.0: PCI bridge to [bus 02]
Mar 15 13:38:41 gojira kernel: [    0.264316] pci 0000:00:1c.0:   bridge window [io  0x3000-0x3fff]
Mar 15 13:38:41 gojira kernel: [    0.264332] pci 0000:00:1c.0:   bridge window [mem 0xfc000000-0xfdffffff]
Mar 15 13:38:41 gojira kernel: [    0.264357] pci 0000:00:1c.0:   bridge window [mem 0xf8000000-0xf80fffff 64bit pref]
Mar 15 13:38:41 gojira kernel: [    0.264729] pci 0000:03:00.0: [8086:4230] type 00 class 0x028000
Mar 15 13:38:41 gojira kernel: [    0.264885] pci 0000:03:00.0: reg 0x10: [mem 0xdf2fe000-0xdf2fffff 64bit]
Mar 15 13:38:41 gojira kernel: [    0.265583] pci 0000:03:00.0: PME# supported from D0 D3hot D3cold
Mar 15 13:38:41 gojira kernel: [    0.276091] pci 0000:00:1c.1: PCI bridge to [bus 03]
Mar 15 13:38:41 gojira kernel: [    0.276107] pci 0000:00:1c.1:   bridge window [io  0x4000-0x4fff]
Mar 15 13:38:41 gojira kernel: [    0.276123] pci 0000:00:1c.1:   bridge window [mem 0xdc100000-0xdf2fffff]
Mar 15 13:38:41 gojira kernel: [    0.276148] pci 0000:00:1c.1:   bridge window [mem 0xdfd00000-0xdfdfffff 64bit pref]
Mar 15 13:38:41 gojira kernel: [    0.276387] pci 0000:00:1c.2: PCI bridge to [bus 04]
Mar 15 13:38:41 gojira kernel: [    0.276403] pci 0000:00:1c.2:   bridge window [io  0x5000-0x5fff]
Mar 15 13:38:41 gojira kernel: [    0.276418] pci 0000:00:1c.2:   bridge window [mem 0xd8000000-0xd9ffffff]
Mar 15 13:38:41 gojira kernel: [    0.276443] pci 0000:00:1c.2:   bridge window [mem 0xdfa00000-0xdfafffff 64bit pref]
Mar 15 13:38:41 gojira kernel: [    0.276756] pci 0000:00:1c.3: PCI bridge to [bus 05-0c]
Mar 15 13:38:41 gojira kernel: [    0.276773] pci 0000:00:1c.3:   bridge window [io  0x6000-0x6fff]
Mar 15 13:38:41 gojira kernel: [    0.276788] pci 0000:00:1c.3:   bridge window [mem 0xd0000000-0xd1ffffff]
Mar 15 13:38:41 gojira kernel: [    0.276814] pci 0000:00:1c.3:   bridge window [mem 0xdf700000-0xdf7fffff 64bit pref]
Mar 15 13:38:41 gojira kernel: [    0.277106] pci 0000:00:1c.4: PCI bridge to [bus 0d-14]
Mar 15 13:38:41 gojira kernel: [    0.277122] pci 0000:00:1c.4:   bridge window [io  0x7000-0x7fff]
Mar 15 13:38:41 gojira kernel: [    0.277138] pci 0000:00:1c.4:   bridge window [mem 0xcc000000-0xcdffffff]
Mar 15 13:38:41 gojira kernel: [    0.277163] pci 0000:00:1c.4:   bridge window [mem 0xdf400000-0xdf4fffff 64bit pref]
Mar 15 13:38:41 gojira kernel: [    0.277383] pci 0000:15:00.0: [1180:0476] type 02 class 0x060700
Mar 15 13:38:41 gojira kernel: [    0.277463] pci 0000:15:00.0: reg 0x10: [mem 0xf8100000-0xf8100fff]
Mar 15 13:38:41 gojira kernel: [    0.277584] pci 0000:15:00.0: supports D1 D2
Mar 15 13:38:41 gojira kernel: [    0.277590] pci 0000:15:00.0: PME# supported from D0 D1 D2 D3hot D3cold
Mar 15 13:38:41 gojira kernel: [    0.277916] pci 0000:00:1e.0: PCI bridge to [bus 15-18] (subtractive decode)
Mar 15 13:38:41 gojira kernel: [    0.277932] pci 0000:00:1e.0:   bridge window [io  0x8000-0xbfff]
Mar 15 13:38:41 gojira kernel: [    0.277948] pci 0000:00:1e.0:   bridge window [mem 0xf8100000-0xfbffffff]
Mar 15 13:38:41 gojira kernel: [    0.277973] pci 0000:00:1e.0:   bridge window [mem 0xf4000000-0xf7ffffff 64bit pref]
Mar 15 13:38:41 gojira kernel: [    0.277980] pci 0000:00:1e.0:   bridge window [io  0x0000-0x0cf7] (subtractive decode)
Mar 15 13:38:41 gojira kernel: [    0.277987] pci 0000:00:1e.0:   bridge window [io  0x0d00-0xffff] (subtractive decode)
Mar 15 13:38:41 gojira kernel: [    0.277994] pci 0000:00:1e.0:   bridge window [mem 0x000a0000-0x000bffff] (subtractive decode)
Mar 15 13:38:41 gojira kernel: [    0.278000] pci 0000:00:1e.0:   bridge window [mem 0x000d4000-0x000d7fff] (subtractive decode)
Mar 15 13:38:41 gojira kernel: [    0.278007] pci 0000:00:1e.0:   bridge window [mem 0x000d8000-0x000dbfff] (subtractive decode)
Mar 15 13:38:41 gojira kernel: [    0.278013] pci 0000:00:1e.0:   bridge window [mem 0x000dc000-0x000dffff] (subtractive decode)
Mar 15 13:38:41 gojira kernel: [    0.278020] pci 0000:00:1e.0:   bridge window [mem 0x7e000000-0xfebfffff] (subtractive decode)
Mar 15 13:38:41 gojira kernel: [    0.278027] pci 0000:00:1e.0:   bridge window [mem 0xfed40000-0xfed4bfff] (subtractive decode)
Mar 15 13:38:41 gojira kernel: [    0.278211] pci_bus 0000:16: busn_res: can not insert [bus 16-ff] under [bus 15-18] (conflicts with (null) [bus 15-18])
Mar 15 13:38:41 gojira kernel: [    0.278227] pci_bus 0000:16: busn_res: [bus 16-ff] end is updated to 17
Mar 15 13:38:41 gojira kernel: [    0.278366] acpi PNP0A08:00: Disabling ASPM (FADT indicates it is unsupported)
Mar 15 13:38:41 gojira kernel: [    0.282136] ACPI: Enabled 3 GPEs in block 00 to 1F
Mar 15 13:38:41 gojira kernel: [    0.282175] ACPI: \_SB_.PCI0: notify handler is installed
Mar 15 13:38:41 gojira kernel: [    0.282328] Found 1 acpi root devices
Mar 15 13:38:41 gojira kernel: [    0.282574] ACPI: EC: GPE = 0x12, I/O: command/status = 0x66, data = 0x62
Mar 15 13:38:41 gojira kernel: [    0.284052] vgaarb: device added: PCI:0000:01:00.0,decodes=io+mem,owns=io+mem,locks=none
Mar 15 13:38:41 gojira kernel: [    0.284059] vgaarb: loaded
Mar 15 13:38:41 gojira kernel: [    0.284064] vgaarb: bridge control possible 0000:01:00.0
Mar 15 13:38:41 gojira kernel: [    0.284609] SCSI subsystem initialized
Mar 15 13:38:41 gojira kernel: [    0.284617] ACPI: bus type ATA registered
Mar 15 13:38:41 gojira kernel: [    0.284660] libata version 3.00 loaded.
Mar 15 13:38:41 gojira kernel: [    0.284660] ACPI: bus type USB registered
Mar 15 13:38:41 gojira kernel: [    0.284660] usbcore: registered new interface driver usbfs
Mar 15 13:38:41 gojira kernel: [    0.284660] usbcore: registered new interface driver hub
Mar 15 13:38:41 gojira kernel: [    0.284660] usbcore: registered new device driver usb
Mar 15 13:38:41 gojira kernel: [    0.284660] PCI: Using ACPI for IRQ routing
Mar 15 13:38:41 gojira kernel: [    0.291356] PCI: pci_cache_line_size set to 64 bytes
Mar 15 13:38:41 gojira kernel: [    0.291514] e820: reserve RAM buffer [mem 0x0009d800-0x0009ffff]
Mar 15 13:38:41 gojira kernel: [    0.291520] e820: reserve RAM buffer [mem 0x7deb0000-0x7fffffff]
Mar 15 13:38:41 gojira kernel: [    0.291779] NetLabel: Initializing
Mar 15 13:38:41 gojira kernel: [    0.291784] NetLabel:  domain hash size = 128
Mar 15 13:38:41 gojira kernel: [    0.291788] NetLabel:  protocols = UNLABELED CIPSOv4
Mar 15 13:38:41 gojira kernel: [    0.291821] NetLabel:  unlabeled traffic allowed by default
Mar 15 13:38:41 gojira kernel: [    0.291857] HPET: 3 timers in total, 0 timers will be used for per-cpu timer
Mar 15 13:38:41 gojira kernel: [    0.292012] hpet0: at MMIO 0xfed00000, IRQs 2, 8, 0
Mar 15 13:38:41 gojira kernel: [    0.292025] hpet0: 3 comparators, 64-bit 14.318180 MHz counter
Mar 15 13:38:41 gojira kernel: [    0.294059] Switched to clocksource hpet
Mar 15 13:38:41 gojira kernel: [    0.310677] AppArmor: AppArmor Filesystem Enabled
Mar 15 13:38:41 gojira kernel: [    0.310778] pnp: PnP ACPI init
Mar 15 13:38:41 gojira kernel: [    0.310823] ACPI: bus type PNP registered
Mar 15 13:38:41 gojira kernel: [    0.312155] system 00:00: [mem 0x00000000-0x0009ffff] could not be reserved
Mar 15 13:38:41 gojira kernel: [    0.312166] system 00:00: [mem 0x000c0000-0x000c3fff] could not be reserved
Mar 15 13:38:41 gojira kernel: [    0.312174] system 00:00: [mem 0x000c4000-0x000c7fff] could not be reserved
Mar 15 13:38:41 gojira kernel: [    0.312182] system 00:00: [mem 0x000c8000-0x000cbfff] could not be reserved
Mar 15 13:38:41 gojira kernel: [    0.312189] system 00:00: [mem 0x000cc000-0x000cffff] could not be reserved
Mar 15 13:38:41 gojira kernel: [    0.312197] system 00:00: [mem 0x000d0000-0x000d3fff] could not be reserved
Mar 15 13:38:41 gojira kernel: [    0.312205] system 00:00: [mem 0x000e0000-0x000e3fff] could not be reserved
Mar 15 13:38:41 gojira kernel: [    0.312213] system 00:00: [mem 0x000e4000-0x000e7fff] could not be reserved
Mar 15 13:38:41 gojira kernel: [    0.312221] system 00:00: [mem 0x000e8000-0x000ebfff] could not be reserved
Mar 15 13:38:41 gojira kernel: [    0.312228] system 00:00: [mem 0x000ec000-0x000effff] could not be reserved
Mar 15 13:38:41 gojira kernel: [    0.312236] system 00:00: [mem 0x000f0000-0x000fffff] could not be reserved
Mar 15 13:38:41 gojira kernel: [    0.312244] system 00:00: [mem 0x00100000-0x7dffffff] could not be reserved
Mar 15 13:38:41 gojira kernel: [    0.312252] system 00:00: [mem 0xfec00000-0xfed3ffff] could not be reserved
Mar 15 13:38:41 gojira kernel: [    0.312259] system 00:00: [mem 0xfed4c000-0xffffffff] could not be reserved
Mar 15 13:38:41 gojira kernel: [    0.312271] system 00:00: Plug and Play ACPI device, IDs PNP0c01 (active)
Mar 15 13:38:41 gojira kernel: [    0.312609] system 00:01: [io  0x164e-0x164f] has been reserved
Mar 15 13:38:41 gojira kernel: [    0.312619] system 00:01: [io  0x1000-0x107f] could not be reserved
Mar 15 13:38:41 gojira kernel: [    0.312626] system 00:01: [io  0x1180-0x11bf] has been reserved
Mar 15 13:38:41 gojira kernel: [    0.312635] system 00:01: [io  0x0800-0x080f] has been reserved
Mar 15 13:38:41 gojira kernel: [    0.312642] system 00:01: [io  0x15e0-0x15ef] has been reserved
Mar 15 13:38:41 gojira kernel: [    0.312650] system 00:01: [io  0x1600-0x165f] could not be reserved
Mar 15 13:38:41 gojira kernel: [    0.312659] system 00:01: [mem 0xf0000000-0xf3ffffff] has been reserved
Mar 15 13:38:41 gojira kernel: [    0.312666] system 00:01: [mem 0xfed1c000-0xfed1ffff] has been reserved
Mar 15 13:38:41 gojira kernel: [    0.312674] system 00:01: [mem 0xfed14000-0xfed17fff] has been reserved
Mar 15 13:38:41 gojira kernel: [    0.312681] system 00:01: [mem 0xfed18000-0xfed18fff] has been reserved
Mar 15 13:38:41 gojira kernel: [    0.312689] system 00:01: [mem 0xfed19000-0xfed19fff] has been reserved
Mar 15 13:38:41 gojira kernel: [    0.312697] system 00:01: [mem 0xfed45000-0xfed4bfff] has been reserved
Mar 15 13:38:41 gojira kernel: [    0.312707] system 00:01: Plug and Play ACPI device, IDs PNP0c02 (active)
Mar 15 13:38:41 gojira kernel: [    0.312859] pnp 00:02: Plug and Play ACPI device, IDs PNP0103 (active)
Mar 15 13:38:41 gojira kernel: [    0.312887] pnp 00:03: [dma 4]
Mar 15 13:38:41 gojira kernel: [    0.312948] pnp 00:03: Plug and Play ACPI device, IDs PNP0200 (active)
Mar 15 13:38:41 gojira kernel: [    0.313026] pnp 00:04: Plug and Play ACPI device, IDs PNP0800 (active)
Mar 15 13:38:41 gojira kernel: [    0.313133] pnp 00:05: Plug and Play ACPI device, IDs PNP0c04 (active)
Mar 15 13:38:41 gojira kernel: [    0.313220] pnp 00:06: Plug and Play ACPI device, IDs PNP0b00 (active)
Mar 15 13:38:41 gojira kernel: [    0.313309] pnp 00:07: Plug and Play ACPI device, IDs PNP0303 (active)
Mar 15 13:38:41 gojira kernel: [    0.313401] pnp 00:08: Plug and Play ACPI device, IDs IBM0057 PNP0f13 (active)
Mar 15 13:38:41 gojira kernel: [    0.314469] pnp 00:09: Plug and Play ACPI device, IDs ATM1200 PNP0c31 (active)
Mar 15 13:38:41 gojira kernel: [    0.315652] pnp: PnP ACPI: found 10 devices
Mar 15 13:38:41 gojira kernel: [    0.315659] ACPI: bus type PNP unregistered
Mar 15 13:38:41 gojira kernel: [    0.326029] pci 0000:00:1f.0: BAR 13: [io  0x1000-0x107f] has bogus alignment
Mar 15 13:38:41 gojira kernel: [    0.326047] pci 0000:01:00.0: BAR 6: can't assign mem pref (size 0x20000)
Mar 15 13:38:41 gojira kernel: [    0.326056] pci 0000:00:01.0: PCI bridge to [bus 01]
Mar 15 13:38:41 gojira kernel: [    0.326065] pci 0000:00:01.0:   bridge window [io  0x2000-0x2fff]
Mar 15 13:38:41 gojira kernel: [    0.326077] pci 0000:00:01.0:   bridge window [mem 0xd4000000-0xd6ffffff]
Mar 15 13:38:41 gojira kernel: [    0.326087] pci 0000:00:01.0:   bridge window [mem 0xe0000000-0xefffffff 64bit pref]
Mar 15 13:38:41 gojira kernel: [    0.326100] pci 0000:00:1c.0: PCI bridge to [bus 02]
Mar 15 13:38:41 gojira kernel: [    0.326108] pci 0000:00:1c.0:   bridge window [io  0x3000-0x3fff]
Mar 15 13:38:41 gojira kernel: [    0.326122] pci 0000:00:1c.0:   bridge window [mem 0xfc000000-0xfdffffff]
Mar 15 13:38:41 gojira kernel: [    0.326133] pci 0000:00:1c.0:   bridge window [mem 0xf8000000-0xf80fffff 64bit pref]
Mar 15 13:38:41 gojira kernel: [    0.326149] pci 0000:00:1c.1: PCI bridge to [bus 03]
Mar 15 13:38:41 gojira kernel: [    0.326157] pci 0000:00:1c.1:   bridge window [io  0x4000-0x4fff]
Mar 15 13:38:41 gojira kernel: [    0.326170] pci 0000:00:1c.1:   bridge window [mem 0xdc100000-0xdf2fffff]
Mar 15 13:38:41 gojira kernel: [    0.326182] pci 0000:00:1c.1:   bridge window [mem 0xdfd00000-0xdfdfffff 64bit pref]
Mar 15 13:38:41 gojira kernel: [    0.326197] pci 0000:00:1c.2: PCI bridge to [bus 04]
Mar 15 13:38:41 gojira kernel: [    0.326205] pci 0000:00:1c.2:   bridge window [io  0x5000-0x5fff]
Mar 15 13:38:41 gojira kernel: [    0.326219] pci 0000:00:1c.2:   bridge window [mem 0xd8000000-0xd9ffffff]
Mar 15 13:38:41 gojira kernel: [    0.326230] pci 0000:00:1c.2:   bridge window [mem 0xdfa00000-0xdfafffff 64bit pref]
Mar 15 13:38:41 gojira kernel: [    0.326246] pci 0000:00:1c.3: PCI bridge to [bus 05-0c]
Mar 15 13:38:41 gojira kernel: [    0.326254] pci 0000:00:1c.3:   bridge window [io  0x6000-0x6fff]
Mar 15 13:38:41 gojira kernel: [    0.326267] pci 0000:00:1c.3:   bridge window [mem 0xd0000000-0xd1ffffff]
Mar 15 13:38:41 gojira kernel: [    0.326278] pci 0000:00:1c.3:   bridge window [mem 0xdf700000-0xdf7fffff 64bit pref]
Mar 15 13:38:41 gojira kernel: [    0.326294] pci 0000:00:1c.4: PCI bridge to [bus 0d-14]
Mar 15 13:38:41 gojira kernel: [    0.326302] pci 0000:00:1c.4:   bridge window [io  0x7000-0x7fff]
Mar 15 13:38:41 gojira kernel: [    0.326316] pci 0000:00:1c.4:   bridge window [mem 0xcc000000-0xcdffffff]
Mar 15 13:38:41 gojira kernel: [    0.326327] pci 0000:00:1c.4:   bridge window [mem 0xdf400000-0xdf4fffff 64bit pref]
Mar 15 13:38:41 gojira kernel: [    0.326354] pci 0000:15:00.0: res[15]=[mem 0x04000000-0x03ffffff pref] get_res_add_size add_size 4000000
Mar 15 13:38:41 gojira kernel: [    0.326361] pci 0000:15:00.0: res[16]=[mem 0x04000000-0x03ffffff] get_res_add_size add_size 4000000
Mar 15 13:38:41 gojira kernel: [    0.326369] pci 0000:15:00.0: res[13]=[io  0x0100-0x00ff] get_res_add_size add_size 100
Mar 15 13:38:41 gojira kernel: [    0.326376] pci 0000:15:00.0: res[14]=[io  0x0100-0x00ff] get_res_add_size add_size 100
Mar 15 13:38:41 gojira kernel: [    0.326385] pci 0000:15:00.0: BAR 15: assigned [mem 0xf4000000-0xf7ffffff pref]
Mar 15 13:38:41 gojira kernel: [    0.326396] pci 0000:15:00.0: BAR 16: assigned [mem 0x80000000-0x83ffffff]
Mar 15 13:38:41 gojira kernel: [    0.326403] pci 0000:15:00.0: BAR 13: assigned [io  0x8000-0x80ff]
Mar 15 13:38:41 gojira kernel: [    0.326410] pci 0000:15:00.0: BAR 14: assigned [io  0x8400-0x84ff]
Mar 15 13:38:41 gojira kernel: [    0.326420] pci 0000:15:00.0: CardBus bridge to [bus 16-17]
Mar 15 13:38:41 gojira kernel: [    0.326426] pci 0000:15:00.0:   bridge window [io  0x8000-0x80ff]
Mar 15 13:38:41 gojira kernel: [    0.326438] pci 0000:15:00.0:   bridge window [io  0x8400-0x84ff]
Mar 15 13:38:41 gojira kernel: [    0.326450] pci 0000:15:00.0:   bridge window [mem 0xf4000000-0xf7ffffff pref]
Mar 15 13:38:41 gojira kernel: [    0.326461] pci 0000:15:00.0:   bridge window [mem 0x80000000-0x83ffffff]
Mar 15 13:38:41 gojira kernel: [    0.326474] pci 0000:00:1e.0: PCI bridge to [bus 15-18]
Mar 15 13:38:41 gojira kernel: [    0.326483] pci 0000:00:1e.0:   bridge window [io  0x8000-0xbfff]
Mar 15 13:38:41 gojira kernel: [    0.326496] pci 0000:00:1e.0:   bridge window [mem 0xf8100000-0xfbffffff]
Mar 15 13:38:41 gojira kernel: [    0.326507] pci 0000:00:1e.0:   bridge window [mem 0xf4000000-0xf7ffffff 64bit pref]
Mar 15 13:38:41 gojira kernel: [    0.327497] pci 0000:00:1e.0: enabling device (0005 -> 0007)
Mar 15 13:38:41 gojira kernel: [    0.327513] pci 0000:00:1e.0: setting latency timer to 64
Mar 15 13:38:41 gojira kernel: [    0.327612] pci_bus 0000:00: resource 4 [io  0x0000-0x0cf7]
Mar 15 13:38:41 gojira kernel: [    0.327619] pci_bus 0000:00: resource 5 [io  0x0d00-0xffff]
Mar 15 13:38:41 gojira kernel: [    0.327626] pci_bus 0000:00: resource 6 [mem 0x000a0000-0x000bffff]
Mar 15 13:38:41 gojira kernel: [    0.327633] pci_bus 0000:00: resource 7 [mem 0x000d4000-0x000d7fff]
Mar 15 13:38:41 gojira kernel: [    0.327639] pci_bus 0000:00: resource 8 [mem 0x000d8000-0x000dbfff]
Mar 15 13:38:41 gojira kernel: [    0.327645] pci_bus 0000:00: resource 9 [mem 0x000dc000-0x000dffff]
Mar 15 13:38:41 gojira kernel: [    0.327652] pci_bus 0000:00: resource 10 [mem 0x7e000000-0xfebfffff]
Mar 15 13:38:41 gojira kernel: [    0.327658] pci_bus 0000:00: resource 11 [mem 0xfed40000-0xfed4bfff]
Mar 15 13:38:41 gojira kernel: [    0.327665] pci_bus 0000:01: resource 0 [io  0x2000-0x2fff]
Mar 15 13:38:41 gojira kernel: [    0.327671] pci_bus 0000:01: resource 1 [mem 0xd4000000-0xd6ffffff]
Mar 15 13:38:41 gojira kernel: [    0.327678] pci_bus 0000:01: resource 2 [mem 0xe0000000-0xefffffff 64bit pref]
Mar 15 13:38:41 gojira kernel: [    0.327685] pci_bus 0000:02: resource 0 [io  0x3000-0x3fff]
Mar 15 13:38:41 gojira kernel: [    0.327692] pci_bus 0000:02: resource 1 [mem 0xfc000000-0xfdffffff]
Mar 15 13:38:41 gojira kernel: [    0.327699] pci_bus 0000:02: resource 2 [mem 0xf8000000-0xf80fffff 64bit pref]
Mar 15 13:38:41 gojira kernel: [    0.327705] pci_bus 0000:03: resource 0 [io  0x4000-0x4fff]
Mar 15 13:38:41 gojira kernel: [    0.327712] pci_bus 0000:03: resource 1 [mem 0xdc100000-0xdf2fffff]
Mar 15 13:38:41 gojira kernel: [    0.327718] pci_bus 0000:03: resource 2 [mem 0xdfd00000-0xdfdfffff 64bit pref]
Mar 15 13:38:41 gojira kernel: [    0.327725] pci_bus 0000:04: resource 0 [io  0x5000-0x5fff]
Mar 15 13:38:41 gojira kernel: [    0.327731] pci_bus 0000:04: resource 1 [mem 0xd8000000-0xd9ffffff]
Mar 15 13:38:41 gojira kernel: [    0.327738] pci_bus 0000:04: resource 2 [mem 0xdfa00000-0xdfafffff 64bit pref]
Mar 15 13:38:41 gojira kernel: [    0.327745] pci_bus 0000:05: resource 0 [io  0x6000-0x6fff]
Mar 15 13:38:41 gojira kernel: [    0.327751] pci_bus 0000:05: resource 1 [mem 0xd0000000-0xd1ffffff]
Mar 15 13:38:41 gojira kernel: [    0.327758] pci_bus 0000:05: resource 2 [mem 0xdf700000-0xdf7fffff 64bit pref]
Mar 15 13:38:41 gojira kernel: [    0.327764] pci_bus 0000:0d: resource 0 [io  0x7000-0x7fff]
Mar 15 13:38:41 gojira kernel: [    0.327771] pci_bus 0000:0d: resource 1 [mem 0xcc000000-0xcdffffff]
Mar 15 13:38:41 gojira kernel: [    0.327778] pci_bus 0000:0d: resource 2 [mem 0xdf400000-0xdf4fffff 64bit pref]
Mar 15 13:38:41 gojira kernel: [    0.327784] pci_bus 0000:15: resource 0 [io  0x8000-0xbfff]
Mar 15 13:38:41 gojira kernel: [    0.327791] pci_bus 0000:15: resource 1 [mem 0xf8100000-0xfbffffff]
Mar 15 13:38:41 gojira kernel: [    0.327797] pci_bus 0000:15: resource 2 [mem 0xf4000000-0xf7ffffff 64bit pref]
Mar 15 13:38:41 gojira kernel: [    0.327804] pci_bus 0000:15: resource 4 [io  0x0000-0x0cf7]
Mar 15 13:38:41 gojira kernel: [    0.327810] pci_bus 0000:15: resource 5 [io  0x0d00-0xffff]
Mar 15 13:38:41 gojira kernel: [    0.327817] pci_bus 0000:15: resource 6 [mem 0x000a0000-0x000bffff]
Mar 15 13:38:41 gojira kernel: [    0.327823] pci_bus 0000:15: resource 7 [mem 0x000d4000-0x000d7fff]
Mar 15 13:38:41 gojira kernel: [    0.327830] pci_bus 0000:15: resource 8 [mem 0x000d8000-0x000dbfff]
Mar 15 13:38:41 gojira kernel: [    0.327836] pci_bus 0000:15: resource 9 [mem 0x000dc000-0x000dffff]
Mar 15 13:38:41 gojira kernel: [    0.327843] pci_bus 0000:15: resource 10 [mem 0x7e000000-0xfebfffff]
Mar 15 13:38:41 gojira kernel: [    0.327849] pci_bus 0000:15: resource 11 [mem 0xfed40000-0xfed4bfff]
Mar 15 13:38:41 gojira kernel: [    0.327855] pci_bus 0000:16: resource 0 [io  0x8000-0x80ff]
Mar 15 13:38:41 gojira kernel: [    0.327862] pci_bus 0000:16: resource 1 [io  0x8400-0x84ff]
Mar 15 13:38:41 gojira kernel: [    0.327868] pci_bus 0000:16: resource 2 [mem 0xf4000000-0xf7ffffff pref]
Mar 15 13:38:41 gojira kernel: [    0.327875] pci_bus 0000:16: resource 3 [mem 0x80000000-0x83ffffff]
Mar 15 13:38:41 gojira kernel: [    0.327971] NET: Registered protocol family 2
Mar 15 13:38:41 gojira kernel: [    0.328433] TCP established hash table entries: 16384 (order: 6, 262144 bytes)
Mar 15 13:38:41 gojira kernel: [    0.328724] TCP bind hash table entries: 16384 (order: 6, 262144 bytes)
Mar 15 13:38:41 gojira kernel: [    0.328948] TCP: Hash tables configured (established 16384 bind 16384)
Mar 15 13:38:41 gojira kernel: [    0.329049] TCP: reno registered
Mar 15 13:38:41 gojira kernel: [    0.329063] UDP hash table entries: 1024 (order: 3, 32768 bytes)
Mar 15 13:38:41 gojira kernel: [    0.329103] UDP-Lite hash table entries: 1024 (order: 3, 32768 bytes)
Mar 15 13:38:41 gojira kernel: [    0.329266] NET: Registered protocol family 1
Mar 15 13:38:41 gojira kernel: [    0.329668] pci 0000:00:1a.1: power state changed by ACPI to D0
Mar 15 13:38:41 gojira kernel: [    0.330356] pci 0000:00:1d.0: power state changed by ACPI to D0
Mar 15 13:38:41 gojira kernel: [    0.331001] pci 0000:00:1d.2: power state changed by ACPI to D0
Mar 15 13:38:41 gojira kernel: [    0.331700] pci 0000:01:00.0: Boot video device
Mar 15 13:38:41 gojira kernel: [    0.331724] PCI: CLS 64 bytes, default 64
Mar 15 13:38:41 gojira kernel: [    0.331848] Trying to unpack rootfs image as initramfs...
Mar 15 13:38:41 gojira kernel: [    1.263913] Freeing initrd memory: 17024K (ffff880035eb0000 - ffff880036f50000)
Mar 15 13:38:41 gojira kernel: [    1.264112] Simple Boot Flag at 0x35 set to 0x1
Mar 15 13:38:41 gojira kernel: [    1.264445] Scanning for low memory corruption every 60 seconds
Mar 15 13:38:41 gojira kernel: [    1.265090] Initialise module verification
Mar 15 13:38:41 gojira kernel: [    1.265221] audit: initializing netlink socket (disabled)
Mar 15 13:38:41 gojira kernel: [    1.265257] type=2000 audit(1394887108.264:1): initialized
Mar 15 13:38:41 gojira kernel: [    1.358926] bounce pool size: 64 pages
Mar 15 13:38:41 gojira kernel: [    1.358966] HugeTLB registered 2 MB page size, pre-allocated 0 pages
Mar 15 13:38:41 gojira kernel: [    1.362719] zbud: loaded
Mar 15 13:38:41 gojira kernel: [    1.363067] VFS: Disk quotas dquot_6.5.2
Mar 15 13:38:41 gojira kernel: [    1.363191] Dquot-cache hash table entries: 512 (order 0, 4096 bytes)
Mar 15 13:38:41 gojira kernel: [    1.364820] fuse init (API version 7.22)
Mar 15 13:38:41 gojira kernel: [    1.365052] msgmni has been set to 3931
Mar 15 13:38:41 gojira kernel: [    1.366093] Key type asymmetric registered
Mar 15 13:38:41 gojira kernel: [    1.366100] Asymmetric key parser 'x509' registered
Mar 15 13:38:41 gojira kernel: [    1.366199] Block layer SCSI generic (bsg) driver version 0.4 loaded (major 252)
Mar 15 13:38:41 gojira kernel: [    1.366295] io scheduler noop registered
Mar 15 13:38:41 gojira kernel: [    1.366303] io scheduler deadline registered (default)
Mar 15 13:38:41 gojira kernel: [    1.366385] io scheduler cfq registered
Mar 15 13:38:41 gojira kernel: [    1.366685] pcieport 0000:00:01.0: irq 40 for MSI/MSI-X
Mar 15 13:38:41 gojira kernel: [    1.366929] pcieport 0000:00:1c.0: irq 41 for MSI/MSI-X
Mar 15 13:38:41 gojira kernel: [    1.367184] pcieport 0000:00:1c.1: irq 42 for MSI/MSI-X
Mar 15 13:38:41 gojira kernel: [    1.367436] pcieport 0000:00:1c.2: irq 43 for MSI/MSI-X
Mar 15 13:38:41 gojira kernel: [    1.367687] pcieport 0000:00:1c.3: irq 44 for MSI/MSI-X
Mar 15 13:38:41 gojira kernel: [    1.367936] pcieport 0000:00:1c.4: irq 45 for MSI/MSI-X
Mar 15 13:38:41 gojira kernel: [    1.368235] pcieport 0000:00:01.0: Signaling PME through PCIe PME interrupt
Mar 15 13:38:41 gojira kernel: [    1.368243] pci 0000:01:00.0: Signaling PME through PCIe PME interrupt
Mar 15 13:38:41 gojira kernel: [    1.368253] pcie_pme 0000:00:01.0:pcie01: service driver pcie_pme loaded
Mar 15 13:38:41 gojira kernel: [    1.368309] pcieport 0000:00:1c.0: Signaling PME through PCIe PME interrupt
Mar 15 13:38:41 gojira kernel: [    1.368321] pcie_pme 0000:00:1c.0:pcie01: service driver pcie_pme loaded
Mar 15 13:38:41 gojira kernel: [    1.368373] pcieport 0000:00:1c.1: Signaling PME through PCIe PME interrupt
Mar 15 13:38:41 gojira kernel: [    1.368380] pci 0000:03:00.0: Signaling PME through PCIe PME interrupt
Mar 15 13:38:41 gojira kernel: [    1.368391] pcie_pme 0000:00:1c.1:pcie01: service driver pcie_pme loaded
Mar 15 13:38:41 gojira kernel: [    1.368439] pcieport 0000:00:1c.2: Signaling PME through PCIe PME interrupt
Mar 15 13:38:41 gojira kernel: [    1.368451] pcie_pme 0000:00:1c.2:pcie01: service driver pcie_pme loaded
Mar 15 13:38:41 gojira kernel: [    1.368499] pcieport 0000:00:1c.3: Signaling PME through PCIe PME interrupt
Mar 15 13:38:41 gojira kernel: [    1.368511] pcie_pme 0000:00:1c.3:pcie01: service driver pcie_pme loaded
Mar 15 13:38:41 gojira kernel: [    1.368558] pcieport 0000:00:1c.4: Signaling PME through PCIe PME interrupt
Mar 15 13:38:41 gojira kernel: [    1.368570] pcie_pme 0000:00:1c.4:pcie01: service driver pcie_pme loaded
Mar 15 13:38:41 gojira kernel: [    1.368611] pci_hotplug: PCI Hot Plug PCI Core version: 0.5
Mar 15 13:38:41 gojira kernel: [    1.368773] pciehp: Using ACPI for slot detection.
Mar 15 13:38:41 gojira kernel: [    1.368873] pciehp 0000:00:1c.3:pcie04: HPC vendor_id 8086 device_id 2845 ss_vid 17aa ss_did 20ad
Mar 15 13:38:41 gojira kernel: [    1.368947] pciehp 0000:00:1c.3:pcie04: service driver pciehp loaded
Mar 15 13:38:41 gojira kernel: [    1.368980] pciehp: PCI Express Hot Plug Controller Driver version: 0.4
Mar 15 13:38:41 gojira kernel: [    1.369177] intel_idle: does not run on family 6 model 15
Mar 15 13:38:41 gojira kernel: [    1.369645] ACPI: AC Adapter [AC] (off-line)
Mar 15 13:38:41 gojira kernel: [    1.370051] input: Lid Switch as /devices/LNXSYSTM:00/device:00/PNP0C0D:00/input/input0
Mar 15 13:38:41 gojira kernel: [    1.370253] ACPI: Lid Switch [LID]
Mar 15 13:38:41 gojira kernel: [    1.370360] input: Sleep Button as /devices/LNXSYSTM:00/device:00/PNP0C0E:00/input/input1
Mar 15 13:38:41 gojira kernel: [    1.370371] ACPI: Sleep Button [SLPB]
Mar 15 13:38:41 gojira kernel: [    1.370498] input: Power Button as /devices/LNXSYSTM:00/LNXPWRBN:00/input/input2
Mar 15 13:38:41 gojira kernel: [    1.370507] ACPI: Power Button [PWRF]
Mar 15 13:38:41 gojira kernel: [    1.370674] ACPI: Requesting acpi_cpufreq
Mar 15 13:38:41 gojira kernel: [    1.374837] Monitor-Mwait will be used to enter C-1 state
Mar 15 13:38:41 gojira kernel: [    1.374876] Monitor-Mwait will be used to enter C-2 state
Mar 15 13:38:41 gojira kernel: [    1.374905] Monitor-Mwait will be used to enter C-3 state
Mar 15 13:38:41 gojira kernel: [    1.374946] ACPI: acpi_idle registered with cpuidle
Mar 15 13:38:41 gojira kernel: [    1.378352] thermal LNXTHERM:00: registered as thermal_zone0
Mar 15 13:38:41 gojira kernel: [    1.378360] ACPI: Thermal Zone [THM0] (25 C)
Mar 15 13:38:41 gojira kernel: [    1.380697] thermal LNXTHERM:01: registered as thermal_zone1
Mar 15 13:38:41 gojira kernel: [    1.380704] ACPI: Thermal Zone [THM1] (25 C)
Mar 15 13:38:41 gojira kernel: [    1.380786] GHES: HEST is not enabled!
Mar 15 13:38:41 gojira kernel: [    1.381179] Serial: 8250/16550 driver, 32 ports, IRQ sharing enabled
Mar 15 13:38:41 gojira kernel: [    1.387151] Linux agpgart interface v0.103
Mar 15 13:38:41 gojira kernel: [    1.393192] brd: module loaded
Mar 15 13:38:41 gojira kernel: [    1.395520] ACPI: Battery Slot [BAT0] (battery present)
Mar 15 13:38:41 gojira kernel: [    1.396182] loop: module loaded
Mar 15 13:38:41 gojira kernel: [    1.396494] ata_piix 0000:00:1f.2: version 2.13
Mar 15 13:38:41 gojira kernel: [    1.396691] ata_piix 0000:00:1f.2: MAP [
Mar 15 13:38:41 gojira kernel: [    1.396697]  P0 P2 IDE IDE ]
Mar 15 13:38:41 gojira kernel: [    1.552054] ata_piix 0000:00:1f.2: setting latency timer to 64
Mar 15 13:38:41 gojira kernel: [    1.552791] scsi0 : ata_piix
Mar 15 13:38:41 gojira kernel: [    1.553328] scsi1 : ata_piix
Mar 15 13:38:41 gojira kernel: [    1.553776] ata1: SATA max UDMA/133 cmd 0x1f0 ctl 0x3f6 bmdma 0x1c30 irq 14
Mar 15 13:38:41 gojira kernel: [    1.553783] ata2: PATA max UDMA/100 cmd 0x170 ctl 0x376 bmdma 0x1c38 irq 15
Mar 15 13:38:41 gojira kernel: [    1.554612] libphy: Fixed MDIO Bus: probed
Mar 15 13:38:41 gojira kernel: [    1.554876] tun: Universal TUN/TAP device driver, 1.6
Mar 15 13:38:41 gojira kernel: [    1.554881] tun: (C) 1999-2004 Max Krasnyansky <maxk@qualcomm.com>
Mar 15 13:38:41 gojira kernel: [    1.555010] PPP generic driver version 2.4.2
Mar 15 13:38:41 gojira kernel: [    1.555132] ehci_hcd: USB 2.0 'Enhanced' Host Controller (EHCI) Driver
Mar 15 13:38:41 gojira kernel: [    1.555137] ehci-pci: EHCI PCI platform driver
Mar 15 13:38:41 gojira kernel: [    1.555360] ehci-pci 0000:00:1a.7: setting latency timer to 64
Mar 15 13:38:41 gojira kernel: [    1.555394] ehci-pci 0000:00:1a.7: EHCI Host Controller
Mar 15 13:38:41 gojira kernel: [    1.555410] ehci-pci 0000:00:1a.7: new USB bus registered, assigned bus number 1
Mar 15 13:38:41 gojira kernel: [    1.559367] ehci-pci 0000:00:1a.7: cache line size of 64 is not supported
Mar 15 13:38:41 gojira kernel: [    1.559406] ehci-pci 0000:00:1a.7: irq 22, io mem 0xfe226400
Mar 15 13:38:41 gojira kernel: [    1.568039] ehci-pci 0000:00:1a.7: USB 2.0 started, EHCI 1.00
Mar 15 13:38:41 gojira kernel: [    1.568089] usb usb1: New USB device found, idVendor=1d6b, idProduct=0002
Mar 15 13:38:41 gojira kernel: [    1.568097] usb usb1: New USB device strings: Mfr=3, Product=2, SerialNumber=1
Mar 15 13:38:41 gojira kernel: [    1.568103] usb usb1: Product: EHCI Host Controller
Mar 15 13:38:41 gojira kernel: [    1.568110] usb usb1: Manufacturer: Linux 3.11.0-18-generic ehci_hcd
Mar 15 13:38:41 gojira kernel: [    1.568116] usb usb1: SerialNumber: 0000:00:1a.7
Mar 15 13:38:41 gojira kernel: [    1.568385] hub 1-0:1.0: USB hub found
Mar 15 13:38:41 gojira kernel: [    1.568403] hub 1-0:1.0: 4 ports detected
Mar 15 13:38:41 gojira kernel: [    1.568891] ehci-pci 0000:00:1d.7: setting latency timer to 64
Mar 15 13:38:41 gojira kernel: [    1.568917] ehci-pci 0000:00:1d.7: EHCI Host Controller
Mar 15 13:38:41 gojira kernel: [    1.568932] ehci-pci 0000:00:1d.7: new USB bus registered, assigned bus number 2
Mar 15 13:38:41 gojira kernel: [    1.568961] ehci-pci 0000:00:1d.7: debug port 1
Mar 15 13:38:41 gojira kernel: [    1.572889] ehci-pci 0000:00:1d.7: cache line size of 64 is not supported
Mar 15 13:38:41 gojira kernel: [    1.572924] ehci-pci 0000:00:1d.7: irq 19, io mem 0xfe226800
Mar 15 13:38:41 gojira kernel: [    1.584037] ehci-pci 0000:00:1d.7: USB 2.0 started, EHCI 1.00
Mar 15 13:38:41 gojira kernel: [    1.584076] usb usb2: New USB device found, idVendor=1d6b, idProduct=0002
Mar 15 13:38:41 gojira kernel: [    1.584084] usb usb2: New USB device strings: Mfr=3, Product=2, SerialNumber=1
Mar 15 13:38:41 gojira kernel: [    1.584090] usb usb2: Product: EHCI Host Controller
Mar 15 13:38:41 gojira kernel: [    1.584097] usb usb2: Manufacturer: Linux 3.11.0-18-generic ehci_hcd
Mar 15 13:38:41 gojira kernel: [    1.584103] usb usb2: SerialNumber: 0000:00:1d.7
Mar 15 13:38:41 gojira kernel: [    1.584363] hub 2-0:1.0: USB hub found
Mar 15 13:38:41 gojira kernel: [    1.584375] hub 2-0:1.0: 6 ports detected
Mar 15 13:38:41 gojira kernel: [    1.584762] ehci-platform: EHCI generic platform driver
Mar 15 13:38:41 gojira kernel: [    1.584792] ohci_hcd: USB 1.1 'Open' Host Controller (OHCI) Driver
Mar 15 13:38:41 gojira kernel: [    1.584796] ohci-pci: OHCI PCI platform driver
Mar 15 13:38:41 gojira kernel: [    1.584827] ohci-platform: OHCI generic platform driver
Mar 15 13:38:41 gojira kernel: [    1.584846] uhci_hcd: USB Universal Host Controller Interface driver
Mar 15 13:38:41 gojira kernel: [    1.585042] uhci_hcd 0000:00:1a.0: setting latency timer to 64
Mar 15 13:38:41 gojira kernel: [    1.585052] uhci_hcd 0000:00:1a.0: UHCI Host Controller
Mar 15 13:38:41 gojira kernel: [    1.585067] uhci_hcd 0000:00:1a.0: new USB bus registered, assigned bus number 3
Mar 15 13:38:41 gojira kernel: [    1.585131] uhci_hcd 0000:00:1a.0: irq 20, io base 0x00001860
Mar 15 13:38:41 gojira kernel: [    1.585210] usb usb3: New USB device found, idVendor=1d6b, idProduct=0001
Mar 15 13:38:41 gojira kernel: [    1.585218] usb usb3: New USB device strings: Mfr=3, Product=2, SerialNumber=1
Mar 15 13:38:41 gojira kernel: [    1.585224] usb usb3: Product: UHCI Host Controller
Mar 15 13:38:41 gojira kernel: [    1.585231] usb usb3: Manufacturer: Linux 3.11.0-18-generic uhci_hcd
Mar 15 13:38:41 gojira kernel: [    1.585237] usb usb3: SerialNumber: 0000:00:1a.0
Mar 15 13:38:41 gojira kernel: [    1.585481] hub 3-0:1.0: USB hub found
Mar 15 13:38:41 gojira kernel: [    1.585493] hub 3-0:1.0: 2 ports detected
Mar 15 13:38:41 gojira kernel: [    1.585847] uhci_hcd 0000:00:1a.1: setting latency timer to 64
Mar 15 13:38:41 gojira kernel: [    1.585857] uhci_hcd 0000:00:1a.1: UHCI Host Controller
Mar 15 13:38:41 gojira kernel: [    1.585872] uhci_hcd 0000:00:1a.1: new USB bus registered, assigned bus number 4
Mar 15 13:38:41 gojira kernel: [    1.585943] uhci_hcd 0000:00:1a.1: irq 21, io base 0x00001880
Mar 15 13:38:41 gojira kernel: [    1.586022] usb usb4: New USB device found, idVendor=1d6b, idProduct=0001
Mar 15 13:38:41 gojira kernel: [    1.586030] usb usb4: New USB device strings: Mfr=3, Product=2, SerialNumber=1
Mar 15 13:38:41 gojira kernel: [    1.586036] usb usb4: Product: UHCI Host Controller
Mar 15 13:38:41 gojira kernel: [    1.586042] usb usb4: Manufacturer: Linux 3.11.0-18-generic uhci_hcd
Mar 15 13:38:41 gojira kernel: [    1.586048] usb usb4: SerialNumber: 0000:00:1a.1
Mar 15 13:38:41 gojira kernel: [    1.586319] hub 4-0:1.0: USB hub found
Mar 15 13:38:41 gojira kernel: [    1.586331] hub 4-0:1.0: 2 ports detected
Mar 15 13:38:41 gojira kernel: [    1.586714] uhci_hcd 0000:00:1d.0: setting latency timer to 64
Mar 15 13:38:41 gojira kernel: [    1.586724] uhci_hcd 0000:00:1d.0: UHCI Host Controller
Mar 15 13:38:41 gojira kernel: [    1.586740] uhci_hcd 0000:00:1d.0: new USB bus registered, assigned bus number 5
Mar 15 13:38:41 gojira kernel: [    1.586808] uhci_hcd 0000:00:1d.0: irq 16, io base 0x000018a0
Mar 15 13:38:41 gojira kernel: [    1.586884] usb usb5: New USB device found, idVendor=1d6b, idProduct=0001
Mar 15 13:38:41 gojira kernel: [    1.586892] usb usb5: New USB device strings: Mfr=3, Product=2, SerialNumber=1
Mar 15 13:38:41 gojira kernel: [    1.586898] usb usb5: Product: UHCI Host Controller
Mar 15 13:38:41 gojira kernel: [    1.586904] usb usb5: Manufacturer: Linux 3.11.0-18-generic uhci_hcd
Mar 15 13:38:41 gojira kernel: [    1.586911] usb usb5: SerialNumber: 0000:00:1d.0
Mar 15 13:38:41 gojira kernel: [    1.587137] hub 5-0:1.0: USB hub found
Mar 15 13:38:41 gojira kernel: [    1.587149] hub 5-0:1.0: 2 ports detected
Mar 15 13:38:41 gojira kernel: [    1.587500] uhci_hcd 0000:00:1d.1: setting latency timer to 64
Mar 15 13:38:41 gojira kernel: [    1.587509] uhci_hcd 0000:00:1d.1: UHCI Host Controller
Mar 15 13:38:41 gojira kernel: [    1.587524] uhci_hcd 0000:00:1d.1: new USB bus registered, assigned bus number 6
Mar 15 13:38:41 gojira kernel: [    1.587592] uhci_hcd 0000:00:1d.1: irq 17, io base 0x000018c0
Mar 15 13:38:41 gojira kernel: [    1.587667] usb usb6: New USB device found, idVendor=1d6b, idProduct=0001
Mar 15 13:38:41 gojira kernel: [    1.587674] usb usb6: New USB device strings: Mfr=3, Product=2, SerialNumber=1
Mar 15 13:38:41 gojira kernel: [    1.587681] usb usb6: Product: UHCI Host Controller
Mar 15 13:38:41 gojira kernel: [    1.587687] usb usb6: Manufacturer: Linux 3.11.0-18-generic uhci_hcd
Mar 15 13:38:41 gojira kernel: [    1.587693] usb usb6: SerialNumber: 0000:00:1d.1
Mar 15 13:38:41 gojira kernel: [    1.587932] hub 6-0:1.0: USB hub found
Mar 15 13:38:41 gojira kernel: [    1.587944] hub 6-0:1.0: 2 ports detected
Mar 15 13:38:41 gojira kernel: [    1.588353] uhci_hcd 0000:00:1d.2: setting latency timer to 64
Mar 15 13:38:41 gojira kernel: [    1.588362] uhci_hcd 0000:00:1d.2: UHCI Host Controller
Mar 15 13:38:41 gojira kernel: [    1.588378] uhci_hcd 0000:00:1d.2: new USB bus registered, assigned bus number 7
Mar 15 13:38:41 gojira kernel: [    1.588440] uhci_hcd 0000:00:1d.2: irq 18, io base 0x000018e0
Mar 15 13:38:41 gojira kernel: [    1.588517] usb usb7: New USB device found, idVendor=1d6b, idProduct=0001
Mar 15 13:38:41 gojira kernel: [    1.588524] usb usb7: New USB device strings: Mfr=3, Product=2, SerialNumber=1
Mar 15 13:38:41 gojira kernel: [    1.588531] usb usb7: Product: UHCI Host Controller
Mar 15 13:38:41 gojira kernel: [    1.588538] usb usb7: Manufacturer: Linux 3.11.0-18-generic uhci_hcd
Mar 15 13:38:41 gojira kernel: [    1.588544] usb usb7: SerialNumber: 0000:00:1d.2
Mar 15 13:38:41 gojira kernel: [    1.588779] hub 7-0:1.0: USB hub found
Mar 15 13:38:41 gojira kernel: [    1.588791] hub 7-0:1.0: 2 ports detected
Mar 15 13:38:41 gojira kernel: [    1.589130] i8042: PNP: PS/2 Controller [PNP0303:KBD,PNP0f13:MOU] at 0x60,0x64 irq 1,12
Mar 15 13:38:41 gojira kernel: [    1.596646] serio: i8042 KBD port at 0x60,0x64 irq 1
Mar 15 13:38:41 gojira kernel: [    1.596662] serio: i8042 AUX port at 0x60,0x64 irq 12
Mar 15 13:38:41 gojira kernel: [    1.596971] mousedev: PS/2 mouse device common for all mice
Mar 15 13:38:41 gojira kernel: [    1.597414] rtc_cmos 00:06: RTC can wake from S4
Mar 15 13:38:41 gojira kernel: [    1.597671] rtc_cmos 00:06: rtc core: registered rtc_cmos as rtc0
Mar 15 13:38:41 gojira kernel: [    1.597721] rtc_cmos 00:06: alarms up to one month, y3k, 114 bytes nvram, hpet irqs
Mar 15 13:38:41 gojira kernel: [    1.597905] device-mapper: uevent: version 1.0.3
Mar 15 13:38:41 gojira kernel: [    1.598088] device-mapper: ioctl: 4.25.0-ioctl (2013-06-26) initialised: dm-devel@redhat.com
Mar 15 13:38:41 gojira kernel: [    1.598203] cpuidle: using governor ladder
Mar 15 13:38:41 gojira kernel: [    1.598352] cpuidle: using governor menu
Mar 15 13:38:41 gojira kernel: [    1.598384] ledtrig-cpu: registered to indicate activity on CPUs
Mar 15 13:38:41 gojira kernel: [    1.598631] TCP: cubic registered
Mar 15 13:38:41 gojira kernel: [    1.598935] NET: Registered protocol family 10
Mar 15 13:38:41 gojira kernel: [    1.599497] NET: Registered protocol family 17
Mar 15 13:38:41 gojira kernel: [    1.599556] Key type dns_resolver registered
Mar 15 13:38:41 gojira kernel: [    1.600165] PM: Hibernation image not present or could not be loaded.
Mar 15 13:38:41 gojira kernel: [    1.600174] Loading module verification certificates
Mar 15 13:38:41 gojira kernel: [    1.603411] MODSIGN: Loaded cert 'Magrathea: Glacier signing key: 9d94dc8d073854d044b3fa3652786ac75597c2f5'
Mar 15 13:38:41 gojira kernel: [    1.603446] registered taskstats version 1
Mar 15 13:38:41 gojira kernel: [    1.605228] input: AT Translated Set 2 keyboard as /devices/platform/i8042/serio0/input/input3
Mar 15 13:38:41 gojira kernel: [    1.609884] Key type trusted registered
Mar 15 13:38:41 gojira kernel: [    1.616306] Key type encrypted registered
Mar 15 13:38:41 gojira kernel: [    1.621884] AppArmor: AppArmor sha1 policy hashing enabled
Mar 15 13:38:41 gojira kernel: [    1.622689]   Magic number: 6:959:632
Mar 15 13:38:41 gojira kernel: [    1.622921] rtc_cmos 00:06: setting system clock to 2014-03-15 12:38:29 UTC (1394887109)
Mar 15 13:38:41 gojira kernel: [    1.624961] BIOS EDD facility v0.16 2004-Jun-25, 0 devices found
Mar 15 13:38:41 gojira kernel: [    1.624964] EDD information not available.
Mar 15 13:38:41 gojira kernel: [    1.716571] ata2.00: ATAPI: DV-18E, 2.0D, max UDMA/33
Mar 15 13:38:41 gojira kernel: [    1.716882] ata1.00: ATA-8: WDC WD10JPVT-75A1YT0, 01.01A01, max UDMA/133
Mar 15 13:38:41 gojira kernel: [    1.716885] ata1.00: 1953525168 sectors, multi 16: LBA48 NCQ (depth 0/32)
Mar 15 13:38:41 gojira kernel: [    1.724508] ata1.00: configured for UDMA/133
Mar 15 13:38:41 gojira kernel: [    1.724744] scsi 0:0:0:0: Direct-Access     ATA      WDC WD10JPVT-75A 01.0 PQ: 0 ANSI: 5
Mar 15 13:38:41 gojira kernel: [    1.724981] sd 0:0:0:0: [sda] 1953525168 512-byte logical blocks: (1.00 TB/931 GiB)
Mar 15 13:38:41 gojira kernel: [    1.724985] sd 0:0:0:0: [sda] 4096-byte physical blocks
Mar 15 13:38:41 gojira kernel: [    1.724990] sd 0:0:0:0: Attached scsi generic sg0 type 0
Mar 15 13:38:41 gojira kernel: [    1.725104] sd 0:0:0:0: [sda] Write Protect is off
Mar 15 13:38:41 gojira kernel: [    1.725108] sd 0:0:0:0: [sda] Mode Sense: 00 3a 00 00
Mar 15 13:38:41 gojira kernel: [    1.725187] sd 0:0:0:0: [sda] Write cache: enabled, read cache: enabled, doesn't support DPO or FUA
Mar 15 13:38:41 gojira kernel: [    1.732297] ata2.00: configured for UDMA/33
Mar 15 13:38:41 gojira kernel: [    1.734879] scsi 1:0:0:0: CD-ROM            TEAC     DV-18E           2.0D PQ: 0 ANSI: 5
Mar 15 13:38:41 gojira kernel: [    1.744830] sr0: scsi3-mmc drive: 24x/24x cd/rw xa/form2 cdda tray
Mar 15 13:38:41 gojira kernel: [    1.744835] cdrom: Uniform CD-ROM driver Revision: 3.20
Mar 15 13:38:41 gojira kernel: [    1.745029] sr 1:0:0:0: Attached scsi CD-ROM sr0
Mar 15 13:38:41 gojira kernel: [    1.745189] sr 1:0:0:0: Attached scsi generic sg1 type 5
Mar 15 13:38:41 gojira kernel: [    1.760079]  sda: sda1 sda2 < sda5 >
Mar 15 13:38:41 gojira kernel: [    1.760618] sd 0:0:0:0: [sda] Attached SCSI disk
Mar 15 13:38:41 gojira kernel: [    1.762127] Freeing unused kernel memory: 1364K (ffffffff81d10000 - ffffffff81e65000)
Mar 15 13:38:41 gojira kernel: [    1.762131] Write protecting the kernel read-only data: 12288k
Mar 15 13:38:41 gojira kernel: [    1.765979] Freeing unused kernel memory: 1028K (ffff8800016ff000 - ffff880001800000)
Mar 15 13:38:41 gojira kernel: [    1.768742] Freeing unused kernel memory: 784K (ffff880001b3c000 - ffff880001c00000)
Mar 15 13:38:41 gojira kernel: [    1.806256] pps_core: LinuxPPS API ver. 1 registered
Mar 15 13:38:41 gojira kernel: [    1.806261] pps_core: Software ver. 5.3.6 - Copyright 2005-2007 Rodolfo Giometti <giometti@linux.it>
Mar 15 13:38:41 gojira kernel: [    1.811423] PTP clock support registered
Mar 15 13:38:41 gojira kernel: [    1.820842] e1000e: Intel(R) PRO/1000 Network Driver - 2.3.2-k
Mar 15 13:38:41 gojira kernel: [    1.820847] e1000e: Copyright(c) 1999 - 2013 Intel Corporation.
Mar 15 13:38:41 gojira kernel: [    1.820994] e1000e 0000:00:19.0: setting latency timer to 64
Mar 15 13:38:41 gojira kernel: [    1.821083] e1000e 0000:00:19.0: Interrupt Throttling Rate (ints/sec) set to dynamic conservative mode
Mar 15 13:38:41 gojira kernel: [    1.821119] e1000e 0000:00:19.0: irq 46 for MSI/MSI-X
Mar 15 13:38:41 gojira kernel: [    2.146119] e1000e 0000:00:19.0 eth0: (PCI Express:2.5GT/s:Width x1) 00:1c:25:1a:e8:73
Mar 15 13:38:41 gojira kernel: [    2.146125] e1000e 0000:00:19.0 eth0: Intel(R) PRO/1000 Network Connection
Mar 15 13:38:41 gojira kernel: [    2.146158] e1000e 0000:00:19.0 eth0: MAC: 6, PHY: 6, PBA No: FFFFFF-0FF
Mar 15 13:38:41 gojira kernel: [    2.273385] EXT4-fs (sda1): mounted filesystem with ordered data mode. Opts: (null)
Mar 15 13:38:41 gojira kernel: [   10.183304] Adding 2061308k swap on /dev/sda5.  Priority:-1 extents:1 across:2061308k FS
Mar 15 13:38:41 gojira kernel: [   10.366761] IPv6: ADDRCONF(NETDEV_UP): eth0: link is not ready
Mar 15 13:38:41 gojira kernel: [   10.549467] lp: driver loaded but no devices found
Mar 15 13:38:41 gojira kernel: [   10.598688] [drm] Initialized drm 1.1.0 20060810
Mar 15 13:38:41 gojira kernel: [   10.603168] tpm_tis 00:09: 1.2 TPM (device-id 0x3203, rev-id 9)
Mar 15 13:38:41 gojira kernel: [   10.611700] acpi device:06: registered as cooling_device2
Mar 15 13:38:41 gojira kernel: [   10.611757] ACPI: Video Device [VID1] (multi-head: yes  rom: no  post: no)
Mar 15 13:38:41 gojira kernel: [   10.611851] input: Video Bus as /devices/LNXSYSTM:00/device:00/PNP0A08:00/device:05/LNXVIDEO:01/input/input4
Mar 15 13:38:41 gojira kernel: [   10.614763] wmi: Mapper loaded
Mar 15 13:38:41 gojira kernel: [   10.644274] nouveau  [  DEVICE][0000:01:00.0] BOOT0  : 0x086900a2
Mar 15 13:38:41 gojira kernel: [   10.644280] nouveau  [  DEVICE][0000:01:00.0] Chipset: G86 (NV86)
Mar 15 13:38:41 gojira kernel: [   10.644283] nouveau  [  DEVICE][0000:01:00.0] Family : NV50
Mar 15 13:38:41 gojira kernel: [   10.646482] nouveau  [   VBIOS][0000:01:00.0] checking PRAMIN for image...
Mar 15 13:38:41 gojira kernel: [   10.709116] nouveau  [   VBIOS][0000:01:00.0] ... appears to be valid
Mar 15 13:38:41 gojira kernel: [   10.709122] nouveau  [   VBIOS][0000:01:00.0] using image from PRAMIN
Mar 15 13:38:41 gojira kernel: [   10.709275] nouveau  [   VBIOS][0000:01:00.0] BIT signature found
Mar 15 13:38:41 gojira kernel: [   10.709280] nouveau  [   VBIOS][0000:01:00.0] version 60.86.3e.00.00
Mar 15 13:38:41 gojira kernel: [   10.754574] nouveau  [     PFB][0000:01:00.0] RAM type: GDDR3
Mar 15 13:38:41 gojira kernel: [   10.754579] nouveau  [     PFB][0000:01:00.0] RAM size: 128 MiB
Mar 15 13:38:41 gojira kernel: [   10.754582] nouveau  [     PFB][0000:01:00.0]    ZCOMP: 646 tags
Mar 15 13:38:41 gojira kernel: [   10.782194] ACPI Warning: 0x0000000000001028-0x000000000000102f SystemIO conflicts with Region \_SB_.PCI0.LPC_.PMIO 1 (20130517/utaddress-251)
Mar 15 13:38:41 gojira kernel: [   10.782204] ACPI: If an ACPI driver is available for this device, you should use it instead of the native driver
Mar 15 13:38:41 gojira kernel: [   10.782209] ACPI Warning: 0x00000000000011b0-0x00000000000011bf SystemIO conflicts with Region \_SB_.PCI0.LPC_.LPIO 1 (20130517/utaddress-251)
Mar 15 13:38:41 gojira kernel: [   10.782214] ACPI: If an ACPI driver is available for this device, you should use it instead of the native driver
Mar 15 13:38:41 gojira kernel: [   10.782216] ACPI Warning: 0x0000000000001180-0x00000000000011af SystemIO conflicts with Region \_SB_.PCI0.LPC_.LPIO 1 (20130517/utaddress-251)
Mar 15 13:38:41 gojira kernel: [   10.782221] ACPI: If an ACPI driver is available for this device, you should use it instead of the native driver
Mar 15 13:38:41 gojira kernel: [   10.782223] lpc_ich: Resource conflict(s) found affecting gpio_ich
Mar 15 13:38:41 gojira kernel: [   10.783696] cfg80211: Calling CRDA to update world regulatory domain
Mar 15 13:38:41 gojira kernel: [   10.785553] yenta_cardbus 0000:15:00.0: CardBus bridge found [17aa:20c4]
Mar 15 13:38:41 gojira kernel: [   10.827544] type=1400 audit(1394887118.699:2): apparmor="STATUS" operation="profile_load" parent=302 profile="unconfined" name="/sbin/dhclient" pid=338 comm="apparmor_parser"
Mar 15 13:38:41 gojira kernel: [   10.827555] type=1400 audit(1394887118.699:3): apparmor="STATUS" operation="profile_load" parent=302 profile="unconfined" name="/usr/lib/NetworkManager/nm-dhcp-client.action" pid=338 comm="apparmor_parser"
Mar 15 13:38:41 gojira kernel: [   10.827563] type=1400 audit(1394887118.699:4): apparmor="STATUS" operation="profile_load" parent=302 profile="unconfined" name="/usr/lib/connman/scripts/dhclient-script" pid=338 comm="apparmor_parser"
Mar 15 13:38:41 gojira kernel: [   10.828322] type=1400 audit(1394887118.703:5): apparmor="STATUS" operation="profile_replace" parent=302 profile="unconfined" name="/usr/lib/NetworkManager/nm-dhcp-client.action" pid=338 comm="apparmor_parser"
Mar 15 13:38:41 gojira kernel: [   10.828332] type=1400 audit(1394887118.703:6): apparmor="STATUS" operation="profile_replace" parent=302 profile="unconfined" name="/usr/lib/connman/scripts/dhclient-script" pid=338 comm="apparmor_parser"
Mar 15 13:38:41 gojira kernel: [   10.828718] type=1400 audit(1394887118.703:7): apparmor="STATUS" operation="profile_replace" parent=302 profile="unconfined" name="/usr/lib/connman/scripts/dhclient-script" pid=338 comm="apparmor_parser"
Mar 15 13:38:41 gojira kernel: [   10.912942] yenta_cardbus 0000:15:00.0: ISA IRQ mask 0x0cb8, PCI irq 16
Mar 15 13:38:41 gojira kernel: [   10.912950] yenta_cardbus 0000:15:00.0: Socket status: 30000006
Mar 15 13:38:41 gojira kernel: [   10.912959] yenta_cardbus 0000:15:00.0: pcmcia: parent PCI bridge window: [io  0x8000-0xbfff]
Mar 15 13:38:41 gojira kernel: [   10.912962] yenta_cardbus 0000:15:00.0: pcmcia: parent PCI bridge window: [mem 0xf8100000-0xfbffffff]
Mar 15 13:38:41 gojira kernel: [   10.912966] pcmcia_socket pcmcia_socket0: cs: memory probe 0xf8100000-0xfbffffff:
Mar 15 13:38:41 gojira kernel: [   10.912971]  excluding 0xf8100000-0xf84effff
Mar 15 13:38:41 gojira kernel: [   10.912983] yenta_cardbus 0000:15:00.0: pcmcia: parent PCI bridge window: [mem 0xf4000000-0xf7ffffff 64bit pref]
Mar 15 13:38:41 gojira kernel: [   10.912987] pcmcia_socket pcmcia_socket0: cs: memory probe 0xf4000000-0xf7ffffff:
Mar 15 13:38:41 gojira kernel: [   10.913002]  excluding 0xf4000000-0xf7ffffff
Mar 15 13:38:41 gojira kernel: [   10.966627] microcode: CPU0 sig=0x6fd, pf=0x80, revision=0xa3
Mar 15 13:38:41 gojira kernel: [   10.999353] iwl4965: Intel(R) Wireless WiFi 4965 driver for Linux, in-tree:
Mar 15 13:38:41 gojira kernel: [   10.999358] iwl4965: Copyright(c) 2003-2011 Intel Corporation
Mar 15 13:38:41 gojira kernel: [   10.999421] iwl4965 0000:03:00.0: can't disable ASPM; OS doesn't have ASPM control
Mar 15 13:38:41 gojira kernel: [   10.999523] iwl4965 0000:03:00.0: Detected Intel(R) Wireless WiFi Link 4965AGN, REV=0x4
Mar 15 13:38:41 gojira kernel: [   11.038569] iwl4965 0000:03:00.0: device EEPROM VER=0x36, CALIB=0x5
Mar 15 13:38:41 gojira kernel: [   11.075748] iwl4965 0000:03:00.0: Tunable channels: 13 802.11bg, 19 802.11a channels
Mar 15 13:38:41 gojira kernel: [   11.075805] iwl4965 0000:03:00.0: irq 47 for MSI/MSI-X
Mar 15 13:38:41 gojira kernel: [   11.139592] Non-volatile memory driver v1.3
Mar 15 13:38:41 gojira kernel: [   11.143878] thinkpad_acpi: ThinkPad ACPI Extras v0.25
Mar 15 13:38:41 gojira kernel: [   11.143882] thinkpad_acpi: http://ibm-acpi.sf.net/
Mar 15 13:38:41 gojira kernel: [   11.143884] thinkpad_acpi: ThinkPad BIOS 7LETC1WW (2.21 ), EC 7KHT24WW-1.08
Mar 15 13:38:41 gojira kernel: [   11.143886] thinkpad_acpi: Lenovo ThinkPad T61, model 8889Y1D
Mar 15 13:38:41 gojira kernel: [   11.146803] thinkpad_acpi: detected a 8-level brightness capable ThinkPad
Mar 15 13:38:41 gojira kernel: [   11.147774] thinkpad_acpi: ACPI backlight control delay disabled
Mar 15 13:38:41 gojira kernel: [   11.147911] thinkpad_acpi: radio switch found; radios are enabled
Mar 15 13:38:41 gojira kernel: [   11.147929] thinkpad_acpi: This ThinkPad has standard ACPI backlight brightness control, supported by the ACPI video driver
Mar 15 13:38:41 gojira kernel: [   11.147930] thinkpad_acpi: Disabling thinkpad-acpi brightness events by default...
Mar 15 13:38:41 gojira kernel: [   11.153129] thinkpad_acpi: Standard ACPI backlight interface available, not loading native one
Mar 15 13:38:41 gojira kernel: [   11.153295] thinkpad_acpi: Console audio control enabled, mode: monitor (read only)
Mar 15 13:38:41 gojira kernel: [   11.156102] input: ThinkPad Extra Buttons as /devices/platform/thinkpad_acpi/input/input5
Mar 15 13:38:41 gojira kernel: [   11.158481] nouveau  [  PTHERM][0000:01:00.0] FAN control: none / external
Mar 15 13:38:41 gojira kernel: [   11.158495] nouveau  [  PTHERM][0000:01:00.0] fan management: disabled
Mar 15 13:38:41 gojira kernel: [   11.158500] nouveau  [  PTHERM][0000:01:00.0] internal sensor: yes
Mar 15 13:38:41 gojira kernel: [   11.158529] nouveau E[  PTHERM][0000:01:00.0] unhandled intr 0x00000160
Mar 15 13:38:41 gojira kernel: [   11.160771] [TTM] Zone  kernel: Available graphics memory: 1008132 kiB
Mar 15 13:38:41 gojira kernel: [   11.160774] [TTM] Initializing pool allocator
Mar 15 13:38:41 gojira kernel: [   11.160784] [TTM] Initializing DMA pool allocator
Mar 15 13:38:41 gojira kernel: [   11.160801] nouveau  [     DRM] VRAM: 128 MiB
Mar 15 13:38:41 gojira kernel: [   11.160803] nouveau  [     DRM] GART: 1048576 MiB
Mar 15 13:38:41 gojira kernel: [   11.160810] nouveau  [     DRM] TMDS table version 2.0
Mar 15 13:38:41 gojira kernel: [   11.160812] nouveau  [     DRM] DCB version 4.0
Mar 15 13:38:41 gojira kernel: [   11.160816] nouveau  [     DRM] DCB outp 00: 01000323 00010034
Mar 15 13:38:41 gojira kernel: [   11.160820] nouveau  [     DRM] DCB outp 01: 02811300 00000028
Mar 15 13:38:41 gojira kernel: [   11.160822] nouveau  [     DRM] DCB outp 02: 02822312 00010030
Mar 15 13:38:41 gojira kernel: [   11.160825] nouveau  [     DRM] DCB outp 03: 014333f1 0080c080
Mar 15 13:38:41 gojira kernel: [   11.160828] nouveau  [     DRM] DCB conn 00: 0040
Mar 15 13:38:41 gojira kernel: [   11.160832] nouveau  [     DRM] DCB conn 01: 0100
Mar 15 13:38:41 gojira kernel: [   11.160834] nouveau  [     DRM] DCB conn 02: 1231
Mar 15 13:38:41 gojira kernel: [   11.160837] nouveau  [     DRM] DCB conn 03: 0311
Mar 15 13:38:41 gojira kernel: [   11.175529] hda_intel: probe_mask set to 0x1 for device 17aa:20ac
Mar 15 13:38:41 gojira kernel: [   11.175584] snd_hda_intel 0000:00:1b.0: irq 48 for MSI/MSI-X
Mar 15 13:38:41 gojira kernel: [   11.178997] iwl4965 0000:03:00.0: loaded firmware version 228.61.2.24
Mar 15 13:38:41 gojira kernel: [   11.180336] nouveau W[     DRM] failed to create encoder 0/1/0: -19
Mar 15 13:38:41 gojira kernel: [   11.180341] nouveau W[     DRM] TV-1 has no encoders, removing
Mar 15 13:38:41 gojira kernel: [   11.180375] [drm] Supports vblank timestamp caching Rev 1 (10.10.2010).
Mar 15 13:38:41 gojira kernel: [   11.180377] [drm] No driver support for vblank timestamp query.
Mar 15 13:38:41 gojira kernel: [   11.180381] nouveau  [     DRM] ACPI backlight interface available, not registering our own
Mar 15 13:38:41 gojira kernel: [   11.180452] nouveau  [     DRM] 3 available performance level(s)
Mar 15 13:38:41 gojira kernel: [   11.180457] nouveau  [     DRM] 0: core 169MHz shader 338MHz memory 100MHz voltage 1150mV fanspeed 100%
Mar 15 13:38:41 gojira kernel: [   11.180462] nouveau  [     DRM] 1: core 275MHz shader 550MHz memory 301MHz voltage 1150mV fanspeed 100%
Mar 15 13:38:41 gojira kernel: [   11.180466] nouveau  [     DRM] 2: core 400MHz shader 800MHz memory 600MHz voltage 1200mV fanspeed 100%
Mar 15 13:38:41 gojira kernel: [   11.180470] nouveau  [     DRM] c: core 275MHz shader 550MHz memory 302MHz voltage 1150mV
Mar 15 13:38:41 gojira kernel: [   11.199471] nouveau  [     DRM] MM: using CRYPT for buffer copies
Mar 15 13:38:41 gojira kernel: [   11.247468] nouveau  [     DRM] allocated 1024x768 fb: 0x60000, bo ffff880036a0a000
Mar 15 13:38:41 gojira kernel: [   11.249528] fbcon: nouveaufb (fb0) is primary device
Mar 15 13:38:41 gojira kernel: [   11.250847] ieee80211 phy0: Selected rate control algorithm 'iwl-4965-rs'
Mar 15 13:38:41 gojira kernel: [   11.679813] psmouse serio1: synaptics: Touchpad model: 1, fw: 6.2, id: 0x81a0b1, caps: 0xa04793/0x300000/0x0, board id: 71, fw id: 67352
Mar 15 13:38:41 gojira kernel: [   11.679818] psmouse serio1: synaptics: serio: Synaptics pass-through port at isa0060/serio1/input0
Mar 15 13:38:41 gojira kernel: [   11.718391] input: SynPS/2 Synaptics TouchPad as /devices/platform/i8042/serio1/input/input6
Mar 15 13:38:41 gojira kernel: [   11.821081] cfg80211: World regulatory domain updated:
Mar 15 13:38:41 gojira kernel: [   11.821083] cfg80211:   (start_freq - end_freq @ bandwidth), (max_antenna_gain, max_eirp)
Mar 15 13:38:41 gojira kernel: [   11.821085] cfg80211:   (2402000 KHz - 2472000 KHz @ 40000 KHz), (300 mBi, 2000 mBm)
Mar 15 13:38:41 gojira kernel: [   11.821087] cfg80211:   (2457000 KHz - 2482000 KHz @ 40000 KHz), (300 mBi, 2000 mBm)
Mar 15 13:38:41 gojira kernel: [   11.821088] cfg80211:   (2474000 KHz - 2494000 KHz @ 20000 KHz), (300 mBi, 2000 mBm)
Mar 15 13:38:41 gojira kernel: [   11.821090] cfg80211:   (5170000 KHz - 5250000 KHz @ 40000 KHz), (300 mBi, 2000 mBm)
Mar 15 13:38:41 gojira kernel: [   11.821091] cfg80211:   (5735000 KHz - 5835000 KHz @ 40000 KHz), (300 mBi, 2000 mBm)
Mar 15 13:38:41 gojira kernel: [   11.868845] pcmcia_socket pcmcia_socket0: cs: memory probe 0x0c0000-0x0fffff:
Mar 15 13:38:41 gojira kernel: [   11.868861]  excluding 0xc0000-0xd3fff 0xe0000-0xfffff
Mar 15 13:38:41 gojira kernel: [   11.868879] pcmcia_socket pcmcia_socket0: cs: memory probe 0xa0000000-0xa0ffffff:
Mar 15 13:38:41 gojira kernel: [   11.868893]  clean.
Mar 15 13:38:41 gojira kernel: [   11.868910] pcmcia_socket pcmcia_socket0: cs: memory probe 0x60000000-0x60ffffff:
Mar 15 13:38:41 gojira kernel: [   11.868922]  excluding 0x60000000-0x60ffffff
Mar 15 13:38:41 gojira kernel: [   11.874316] microcode: CPU1 sig=0x6fd, pf=0x80, revision=0xa3
Mar 15 13:38:41 gojira kernel: [   12.212334] microcode: Microcode Update Driver: v2.00 <tigran@aivazian.fsnet.co.uk>, Peter Oruba
Mar 15 13:38:41 gojira kernel: [   12.240115] kvm: disabled by bios
Mar 15 13:38:41 gojira kernel: [   12.273321] kvm: disabled by bios
Mar 15 13:38:41 gojira kernel: [   12.590512] Console: switching to colour frame buffer device 128x48
Mar 15 13:38:41 gojira kernel: [   12.591098] nouveau 0000:01:00.0: fb0: nouveaufb frame buffer device
Mar 15 13:38:41 gojira kernel: [   12.591099] nouveau 0000:01:00.0: registered panic notifier
Mar 15 13:38:41 gojira kernel: [   12.591105] [drm] Initialized nouveau 1.1.1 20120801 for 0000:01:00.0 on minor 0
Mar 15 13:38:41 gojira kernel: [   12.606233] EXT4-fs (sda1): re-mounted. Opts: errors=remount-ro
Mar 15 13:38:41 gojira kernel: [   12.713560] vesafb: module verification failed: signature and/or required key missing - tainting kernel
Mar 15 13:38:41 gojira kernel: [   12.713926] vesafb: mode is 1024x768x32, linelength=4096, pages=0
Mar 15 13:38:41 gojira kernel: [   12.713929] vesafb: scrolling: redraw
Mar 15 13:38:41 gojira kernel: [   12.713932] vesafb: Truecolor: size=8:8:8:8, shift=24:16:8:0
Mar 15 13:38:41 gojira kernel: [   12.715386] vesafb: framebuffer at 0xd5000000, mapped to 0xffffc90007b80000, using 3072k, total 3072k
Mar 15 13:38:41 gojira kernel: [   12.715787] fb1: VESA VGA frame buffer device
Mar 15 13:38:41 gojira dbus[1077]: [system] AppArmor D-Bus mediation is enabled
Mar 15 13:38:41 gojira bluetoothd[1102]: Bluetooth daemon 4.101
Mar 15 13:38:41 gojira bluetoothd[1102]: Starting SDP server
Mar 15 13:38:41 gojira bluetoothd[1102]: DIS cannot start: GATT is disabled
Mar 15 13:38:41 gojira bluetoothd[1102]: Failed to init deviceinfo plugin
Mar 15 13:38:41 gojira bluetoothd[1102]: Failed to init proximity plugin
Mar 15 13:38:41 gojira bluetoothd[1102]: Failed to init time plugin
Mar 15 13:38:41 gojira bluetoothd[1102]: Failed to init alert plugin
Mar 15 13:38:41 gojira bluetoothd[1102]: Failed to init thermometer plugin
Mar 15 13:38:41 gojira kernel: [   13.541954] Bluetooth: Core ver 2.16
Mar 15 13:38:41 gojira kernel: [   13.541981] NET: Registered protocol family 31
Mar 15 13:38:41 gojira kernel: [   13.541983] Bluetooth: HCI device and connection manager initialized
Mar 15 13:38:41 gojira kernel: [   13.541998] Bluetooth: HCI socket layer initialized
Mar 15 13:38:41 gojira kernel: [   13.542002] Bluetooth: L2CAP socket layer initialized
Mar 15 13:38:41 gojira kernel: [   13.542011] Bluetooth: SCO socket layer initialized
Mar 15 13:38:41 gojira bluetoothd[1102]: Failed to init gatt_example plugin
Mar 15 13:38:41 gojira bluetoothd[1102]: Bluetooth Management interface initialized
Mar 15 13:38:41 gojira kernel: [   13.547256] Bluetooth: BNEP (Ethernet Emulation) ver 1.3
Mar 15 13:38:41 gojira kernel: [   13.547261] Bluetooth: BNEP filters: protocol multicast
Mar 15 13:38:41 gojira kernel: [   13.547275] Bluetooth: BNEP socket layer initialized
Mar 15 13:38:41 gojira kernel: [   13.550660] Bluetooth: RFCOMM TTY layer initialized
Mar 15 13:38:41 gojira kernel: [   13.550676] Bluetooth: RFCOMM socket layer initialized
Mar 15 13:38:41 gojira kernel: [   13.550679] Bluetooth: RFCOMM ver 1.11
Mar 15 13:38:41 gojira modem-manager[1097]: <info>  ModemManager (version 0.6.0.0) starting...
Mar 15 13:38:41 gojira avahi-daemon[1123]: Found user 'avahi' (UID 110) and group 'avahi' (GID 116).
Mar 15 13:38:41 gojira avahi-daemon[1123]: Successfully dropped root privileges.
Mar 15 13:38:41 gojira avahi-daemon[1123]: avahi-daemon 0.6.31 starting up.
Mar 15 13:38:41 gojira avahi-daemon[1123]: Successfully called chroot().
Mar 15 13:38:41 gojira avahi-daemon[1123]: Successfully dropped remaining capabilities.
Mar 15 13:38:41 gojira modem-manager[1097]: <info>  Loaded plugin 'Linktop'
Mar 15 13:38:41 gojira modem-manager[1097]: <info>  Loaded plugin 'Longcheer'
Mar 15 13:38:41 gojira modem-manager[1097]: <info>  Loaded plugin 'Nokia'
Mar 15 13:38:41 gojira modem-manager[1097]: <info>  Loaded plugin 'X22X'
Mar 15 13:38:41 gojira modem-manager[1097]: <info>  Loaded plugin 'SimTech'
Mar 15 13:38:41 gojira modem-manager[1097]: <info>  Loaded plugin 'Option'
Mar 15 13:38:41 gojira modem-manager[1097]: <info>  Loaded plugin 'Huawei'
Mar 15 13:38:41 gojira modem-manager[1097]: <info>  Loaded plugin 'Samsung'
Mar 15 13:38:41 gojira modem-manager[1097]: <info>  Loaded plugin 'Option High-Speed'
Mar 15 13:38:41 gojira modem-manager[1097]: <info>  Loaded plugin 'Gobi'
Mar 15 13:38:41 gojira modem-manager[1097]: <info>  Loaded plugin 'Novatel'
Mar 15 13:38:41 gojira modem-manager[1097]: <info>  Loaded plugin 'Sierra'
Mar 15 13:38:41 gojira modem-manager[1097]: <info>  Loaded plugin 'Ericsson MBM'
Mar 15 13:38:41 gojira modem-manager[1097]: <info>  Loaded plugin 'Wavecom'
Mar 15 13:38:41 gojira modem-manager[1097]: <info>  Loaded plugin 'ZTE'
Mar 15 13:38:41 gojira modem-manager[1097]: <info>  Loaded plugin 'AnyData'
Mar 15 13:38:41 gojira modem-manager[1097]: <info>  Loaded plugin 'MotoC'
Mar 15 13:38:41 gojira modem-manager[1097]: <info>  Loaded plugin 'Cinterion'
Mar 15 13:38:41 gojira modem-manager[1097]: <info>  Loaded plugin 'Iridium'
Mar 15 13:38:41 gojira modem-manager[1097]: <info>  Loaded plugin 'Generic'
Mar 15 13:38:41 gojira modem-manager[1097]: <info>  Successfully loaded 20 plugins
Mar 15 13:38:41 gojira avahi-daemon[1123]: Loading service file /services/udisks.service.
Mar 15 13:38:42 gojira kernel: [   14.130239] ppdev: user-space parallel port driver
Mar 15 13:38:42 gojira kernel: [   14.150558] type=1400 audit(1394887122.023:8): apparmor="STATUS" operation="profile_load" parent=1136 profile="unconfined" name="/usr/lib/cups/backend/cups-pdf" pid=1140 comm="apparmor_parser"
Mar 15 13:38:42 gojira kernel: [   14.150569] type=1400 audit(1394887122.023:9): apparmor="STATUS" operation="profile_load" parent=1136 profile="unconfined" name="/usr/sbin/cupsd" pid=1140 comm="apparmor_parser"
Mar 15 13:38:42 gojira kernel: [   14.151324] type=1400 audit(1394887122.023:10): apparmor="STATUS" operation="profile_replace" parent=1136 profile="unconfined" name="/usr/sbin/cupsd" pid=1140 comm="apparmor_parser"
Mar 15 13:38:42 gojira avahi-daemon[1123]: Network interface enumeration completed.
